Archive member included to satisfy reference by file (symbol)

c:/users/scien/gcc-arm-none-eabi-mingw64/bin/../lib/gcc/arm-none-eabi/11.2.1/thumb/v7e-m+fp/hard\libc_nano.a(lib_a-exit.o)
                              c:/users/scien/gcc-arm-none-eabi-mingw64/bin/../lib/gcc/arm-none-eabi/11.2.1/thumb/v7e-m+fp/hard/crt0.o (exit)
c:/users/scien/gcc-arm-none-eabi-mingw64/bin/../lib/gcc/arm-none-eabi/11.2.1/thumb/v7e-m+fp/hard\libc_nano.a(lib_a-impure.o)
                              c:/users/scien/gcc-arm-none-eabi-mingw64/bin/../lib/gcc/arm-none-eabi/11.2.1/thumb/v7e-m+fp/hard\libc_nano.a(lib_a-exit.o) (_global_impure_ptr)
c:/users/scien/gcc-arm-none-eabi-mingw64/bin/../lib/gcc/arm-none-eabi/11.2.1/thumb/v7e-m+fp/hard\libc_nano.a(lib_a-init.o)
                              c:/users/scien/gcc-arm-none-eabi-mingw64/bin/../lib/gcc/arm-none-eabi/11.2.1/thumb/v7e-m+fp/hard/crt0.o (__libc_init_array)
c:/users/scien/gcc-arm-none-eabi-mingw64/bin/../lib/gcc/arm-none-eabi/11.2.1/thumb/v7e-m+fp/hard\libc_nano.a(lib_a-memset.o)
                              c:/users/scien/gcc-arm-none-eabi-mingw64/bin/../lib/gcc/arm-none-eabi/11.2.1/thumb/v7e-m+fp/hard/crt0.o (memset)
c:/users/scien/gcc-arm-none-eabi-mingw64/bin/../lib/gcc/arm-none-eabi/11.2.1/thumb/v7e-m+fp/hard\libc_nano.a(lib_a-puts.o)
                              build/main.o (puts)
c:/users/scien/gcc-arm-none-eabi-mingw64/bin/../lib/gcc/arm-none-eabi/11.2.1/thumb/v7e-m+fp/hard\libc_nano.a(lib_a-wbuf.o)
                              c:/users/scien/gcc-arm-none-eabi-mingw64/bin/../lib/gcc/arm-none-eabi/11.2.1/thumb/v7e-m+fp/hard\libc_nano.a(lib_a-puts.o) (__swbuf_r)
c:/users/scien/gcc-arm-none-eabi-mingw64/bin/../lib/gcc/arm-none-eabi/11.2.1/thumb/v7e-m+fp/hard\libc_nano.a(lib_a-wsetup.o)
                              c:/users/scien/gcc-arm-none-eabi-mingw64/bin/../lib/gcc/arm-none-eabi/11.2.1/thumb/v7e-m+fp/hard\libc_nano.a(lib_a-puts.o) (__swsetup_r)
c:/users/scien/gcc-arm-none-eabi-mingw64/bin/../lib/gcc/arm-none-eabi/11.2.1/thumb/v7e-m+fp/hard\libc_nano.a(lib_a-fflush.o)
                              c:/users/scien/gcc-arm-none-eabi-mingw64/bin/../lib/gcc/arm-none-eabi/11.2.1/thumb/v7e-m+fp/hard\libc_nano.a(lib_a-wbuf.o) (_fflush_r)
c:/users/scien/gcc-arm-none-eabi-mingw64/bin/../lib/gcc/arm-none-eabi/11.2.1/thumb/v7e-m+fp/hard\libc_nano.a(lib_a-findfp.o)
                              c:/users/scien/gcc-arm-none-eabi-mingw64/bin/../lib/gcc/arm-none-eabi/11.2.1/thumb/v7e-m+fp/hard\libc_nano.a(lib_a-puts.o) (__sinit)
c:/users/scien/gcc-arm-none-eabi-mingw64/bin/../lib/gcc/arm-none-eabi/11.2.1/thumb/v7e-m+fp/hard\libc_nano.a(lib_a-fwalk.o)
                              c:/users/scien/gcc-arm-none-eabi-mingw64/bin/../lib/gcc/arm-none-eabi/11.2.1/thumb/v7e-m+fp/hard\libc_nano.a(lib_a-findfp.o) (_fwalk)
c:/users/scien/gcc-arm-none-eabi-mingw64/bin/../lib/gcc/arm-none-eabi/11.2.1/thumb/v7e-m+fp/hard\libc_nano.a(lib_a-makebuf.o)
                              c:/users/scien/gcc-arm-none-eabi-mingw64/bin/../lib/gcc/arm-none-eabi/11.2.1/thumb/v7e-m+fp/hard\libc_nano.a(lib_a-wsetup.o) (__smakebuf_r)
c:/users/scien/gcc-arm-none-eabi-mingw64/bin/../lib/gcc/arm-none-eabi/11.2.1/thumb/v7e-m+fp/hard\libc_nano.a(lib_a-nano-freer.o)
                              c:/users/scien/gcc-arm-none-eabi-mingw64/bin/../lib/gcc/arm-none-eabi/11.2.1/thumb/v7e-m+fp/hard\libc_nano.a(lib_a-wsetup.o) (_free_r)
c:/users/scien/gcc-arm-none-eabi-mingw64/bin/../lib/gcc/arm-none-eabi/11.2.1/thumb/v7e-m+fp/hard\libc_nano.a(lib_a-nano-mallocr.o)
                              c:/users/scien/gcc-arm-none-eabi-mingw64/bin/../lib/gcc/arm-none-eabi/11.2.1/thumb/v7e-m+fp/hard\libc_nano.a(lib_a-findfp.o) (_malloc_r)
c:/users/scien/gcc-arm-none-eabi-mingw64/bin/../lib/gcc/arm-none-eabi/11.2.1/thumb/v7e-m+fp/hard\libc_nano.a(lib_a-sbrkr.o)
                              c:/users/scien/gcc-arm-none-eabi-mingw64/bin/../lib/gcc/arm-none-eabi/11.2.1/thumb/v7e-m+fp/hard\libc_nano.a(lib_a-nano-mallocr.o) (_sbrk_r)
c:/users/scien/gcc-arm-none-eabi-mingw64/bin/../lib/gcc/arm-none-eabi/11.2.1/thumb/v7e-m+fp/hard\libc_nano.a(lib_a-stdio.o)
                              c:/users/scien/gcc-arm-none-eabi-mingw64/bin/../lib/gcc/arm-none-eabi/11.2.1/thumb/v7e-m+fp/hard\libc_nano.a(lib_a-findfp.o) (__sread)
c:/users/scien/gcc-arm-none-eabi-mingw64/bin/../lib/gcc/arm-none-eabi/11.2.1/thumb/v7e-m+fp/hard\libc_nano.a(lib_a-writer.o)
                              c:/users/scien/gcc-arm-none-eabi-mingw64/bin/../lib/gcc/arm-none-eabi/11.2.1/thumb/v7e-m+fp/hard\libc_nano.a(lib_a-stdio.o) (_write_r)
c:/users/scien/gcc-arm-none-eabi-mingw64/bin/../lib/gcc/arm-none-eabi/11.2.1/thumb/v7e-m+fp/hard\libc_nano.a(lib_a-closer.o)
                              c:/users/scien/gcc-arm-none-eabi-mingw64/bin/../lib/gcc/arm-none-eabi/11.2.1/thumb/v7e-m+fp/hard\libc_nano.a(lib_a-stdio.o) (_close_r)
[...]
Memory Configuration

Name             Origin             Length             Attributes
RAM              0x20000000         0x00010000         xrw
FLASH            0x08000000         0x00040000         xr
*default*        0x00000000         0xffffffff

Linker script and memory map

LOAD c:/users/scien/gcc-arm-none-eabi-mingw64/bin/../lib/gcc/arm-none-eabi/11.2.1/thumb/v7e-m+fp/hard/crti.o
LOAD c:/users/scien/gcc-arm-none-eabi-mingw64/bin/../lib/gcc/arm-none-eabi/11.2.1/thumb/v7e-m+fp/hard/crtbegin.o
LOAD c:/users/scien/gcc-arm-none-eabi-mingw64/bin/../lib/gcc/arm-none-eabi/11.2.1/thumb/v7e-m+fp/hard/crt0.o
LOAD build/main.o
LOAD build/stm32f4xx_it.o
LOAD build/stm32f4xx_hal_msp.o
LOAD build/stm32f4xx_hal_tim.o
LOAD build/stm32f4xx_hal_tim_ex.o
LOAD build/stm32f4xx_hal_uart.o
LOAD build/stm32f4xx_hal_rcc.o
LOAD build/stm32f4xx_hal_rcc_ex.o
LOAD build/stm32f4xx_hal_flash.o
LOAD build/stm32f4xx_hal_flash_ex.o
LOAD build/stm32f4xx_hal_flash_ramfunc.o
LOAD build/stm32f4xx_hal_gpio.o
LOAD build/stm32f4xx_hal_dma_ex.o
LOAD build/stm32f4xx_hal_dma.o
LOAD build/stm32f4xx_hal_pwr.o
LOAD build/stm32f4xx_hal_pwr_ex.o
LOAD build/stm32f4xx_hal_cortex.o
LOAD build/stm32f4xx_hal.o
LOAD build/stm32f4xx_hal_exti.o
LOAD build/system_stm32f4xx.o
LOAD build/gpio.o
LOAD build/usart.o
LOAD build/startup_stm32f401xc.o
LOAD c:/users/scien/gcc-arm-none-eabi-mingw64/bin/../lib/gcc/arm-none-eabi/11.2.1/thumb/v7e-m+fp/hard\libc_nano.a
LOAD c:/users/scien/gcc-arm-none-eabi-mingw64/bin/../lib/gcc/arm-none-eabi/11.2.1/thumb/v7e-m+fp/hard\libm.a
LOAD c:/users/scien/gcc-arm-none-eabi-mingw64/bin/../lib/gcc/arm-none-eabi/11.2.1/thumb/v7e-m+fp/hard\libnosys.a
START GROUP
LOAD c:/users/scien/gcc-arm-none-eabi-mingw64/bin/../lib/gcc/arm-none-eabi/11.2.1/thumb/v7e-m+fp/hard\libgcc.a
LOAD c:/users/scien/gcc-arm-none-eabi-mingw64/bin/../lib/gcc/arm-none-eabi/11.2.1/thumb/v7e-m+fp/hard\libc_nano.a
END GROUP
START GROUP
LOAD c:/users/scien/gcc-arm-none-eabi-mingw64/bin/../lib/gcc/arm-none-eabi/11.2.1/thumb/v7e-m+fp/hard\libgcc.a
LOAD c:/users/scien/gcc-arm-none-eabi-mingw64/bin/../lib/gcc/arm-none-eabi/11.2.1/thumb/v7e-m+fp/hard\libc_nano.a
END GROUP
LOAD c:/users/scien/gcc-arm-none-eabi-mingw64/bin/../lib/gcc/arm-none-eabi/11.2.1/thumb/v7e-m+fp/hard/crtend.o
LOAD c:/users/scien/gcc-arm-none-eabi-mingw64/bin/../lib/gcc/arm-none-eabi/11.2.1/thumb/v7e-m+fp/hard/crtn.o
                0x20010000                _estack = (ORIGIN (RAM) + LENGTH (RAM))
                0x00000200                _Min_Heap_Size = 0x200
                0x00000400                _Min_Stack_Size = 0x400

.isr_vector     0x08000000      0x194
                0x08000000                . = ALIGN (0x4)
 *(.isr_vector)
 .isr_vector    0x08000000      0x194 build/startup_stm32f401xc.o
                0x08000000                g_pfnVectors
                0x08000194                . = ALIGN (0x4)

.text           0x08000194     0x2204
                0x08000194                . = ALIGN (0x4)
 *(.text)
 .text          0x08000194       0x30 c:/users/scien/gcc-arm-none-eabi-mingw64/bin/../lib/gcc/arm-none-eabi/11.2.1/thumb/v7e-m+fp/hard\libgcc.a(_aeabi_uldivmod.o)
                0x08000194                __aeabi_uldivmod
 .text          0x080001c4        0x4 c:/users/scien/gcc-arm-none-eabi-mingw64/bin/../lib/gcc/arm-none-eabi/11.2.1/thumb/v7e-m+fp/hard\libgcc.a(_dvmd_tls.o)
                0x080001c4                __aeabi_idiv0
                0x080001c4                __aeabi_ldiv0
 *(.text*)
 .text.deregister_tm_clones
                0x080001c8       0x1c c:/users/scien/gcc-arm-none-eabi-mingw64/bin/../lib/gcc/arm-none-eabi/11.2.1/thumb/v7e-m+fp/hard/crtbegin.o
 .text.register_tm_clones
                0x080001e4       0x24 c:/users/scien/gcc-arm-none-eabi-mingw64/bin/../lib/gcc/arm-none-eabi/11.2.1/thumb/v7e-m+fp/hard/crtbegin.o
 .text.__do_global_dtors_aux
                0x08000208       0x28 c:/users/scien/gcc-arm-none-eabi-mingw64/bin/../lib/gcc/arm-none-eabi/11.2.1/thumb/v7e-m+fp/hard/crtbegin.o
 .text.frame_dummy
                0x08000230       0x24 c:/users/scien/gcc-arm-none-eabi-mingw64/bin/../lib/gcc/arm-none-eabi/11.2.1/thumb/v7e-m+fp/hard/crtbegin.o
 .text.Error_Handler
                0x08000254        0x4 build/main.o
                0x08000254                Error_Handler
 .text.SystemClock_Config
                0x08000258       0xa8 build/main.o
                0x08000258                SystemClock_Config
 .text.main     0x08000300       0x28 build/main.o
                0x08000300                main
 .text.NMI_Handler
                0x08000328        0x2 build/stm32f4xx_it.o
                0x08000328                NMI_Handler
 .text.HardFault_Handler
                0x0800032a        0x2 build/stm32f4xx_it.o
                0x0800032a                HardFault_Handler
 .text.MemManage_Handler
                0x0800032c        0x2 build/stm32f4xx_it.o
                0x0800032c                MemManage_Handler
 .text.BusFault_Handler
                0x0800032e        0x2 build/stm32f4xx_it.o
                0x0800032e                BusFault_Handler
 .text.UsageFault_Handler
                0x08000330        0x2 build/stm32f4xx_it.o
                0x08000330                UsageFault_Handler
 .text.SVC_Handler
                0x08000332        0x2 build/stm32f4xx_it.o
                0x08000332                SVC_Handler
 .text.DebugMon_Handler
                0x08000334        0x2 build/stm32f4xx_it.o
                0x08000334                DebugMon_Handler
 .text.PendSV_Handler
                0x08000336        0x2 build/stm32f4xx_it.o
                0x08000336                PendSV_Handler
 .text.SysTick_Handler
                0x08000338        0x8 build/stm32f4xx_it.o
                0x08000338                SysTick_Handler
 .text.USART1_IRQHandler
                0x08000340       0x10 build/stm32f4xx_it.o
                0x08000340                USART1_IRQHandler
 .text.HAL_MspInit
                0x08000350       0x38 build/stm32f4xx_hal_msp.o
                0x08000350                HAL_MspInit
 .text.UART_EndRxTransfer
                0x08000388       0x5c build/stm32f4xx_hal_uart.o
 .text.UART_Transmit_IT
                0x080003e4       0x60 build/stm32f4xx_hal_uart.o
 .text.UART_SetConfig
                0x08000444      0x110 build/stm32f4xx_hal_uart.o
 .text.UART_WaitOnFlagUntilTimeout
                0x08000554       0x84 build/stm32f4xx_hal_uart.o
 .text.HAL_UART_Init
                0x080005d8       0x5e build/stm32f4xx_hal_uart.o
                0x080005d8                HAL_UART_Init
 .text.HAL_UART_Transmit
                0x08000636       0xd8 build/stm32f4xx_hal_uart.o
                0x08000636                HAL_UART_Transmit
 .text.HAL_UART_TxCpltCallback
                0x0800070e        0x2 build/stm32f4xx_hal_uart.o
                0x0800070e                HAL_UART_TxCpltCallback
 .text.UART_EndTransmit_IT
                0x08000710       0x1a build/stm32f4xx_hal_uart.o
 .text.HAL_UART_RxCpltCallback
                0x0800072a        0x2 build/stm32f4xx_hal_uart.o
                0x0800072a                HAL_UART_RxCpltCallback
 .text.HAL_UART_ErrorCallback
                0x0800072c        0x2 build/stm32f4xx_hal_uart.o
                0x0800072c                HAL_UART_ErrorCallback
 .text.UART_DMAAbortOnError
                0x0800072e       0x10 build/stm32f4xx_hal_uart.o
 .text.HAL_UARTEx_RxEventCallback
                0x0800073e        0x2 build/stm32f4xx_hal_uart.o
                0x0800073e                HAL_UARTEx_RxEventCallback
 .text.UART_Receive_IT
                0x08000740       0xe2 build/stm32f4xx_hal_uart.o
 *fill*         0x08000822        0x2 
 .text.HAL_UART_IRQHandler
                0x08000824      0x280 build/stm32f4xx_hal_uart.o
                0x08000824                HAL_UART_IRQHandler
 .text.HAL_RCC_OscConfig
                0x08000aa4      0x3f8 build/stm32f4xx_hal_rcc.o
                0x08000aa4                HAL_RCC_OscConfig
 .text.HAL_RCC_GetSysClockFreq
                0x08000e9c       0xa8 build/stm32f4xx_hal_rcc.o
                0x08000e9c                HAL_RCC_GetSysClockFreq
 .text.HAL_RCC_ClockConfig
                0x08000f44      0x160 build/stm32f4xx_hal_rcc.o
                0x08000f44                HAL_RCC_ClockConfig
 .text.HAL_RCC_GetHCLKFreq
                0x080010a4        0xc build/stm32f4xx_hal_rcc.o
                0x080010a4                HAL_RCC_GetHCLKFreq
 .text.HAL_RCC_GetPCLK1Freq
                0x080010b0       0x20 build/stm32f4xx_hal_rcc.o
                0x080010b0                HAL_RCC_GetPCLK1Freq
 .text.HAL_RCC_GetPCLK2Freq
                0x080010d0       0x20 build/stm32f4xx_hal_rcc.o
                0x080010d0                HAL_RCC_GetPCLK2Freq
 .text.HAL_GPIO_Init
                0x080010f0      0x1c8 build/stm32f4xx_hal_gpio.o
                0x080010f0                HAL_GPIO_Init
 .text.HAL_DMA_Abort
                0x080012b8       0x94 build/stm32f4xx_hal_dma.o
                0x080012b8                HAL_DMA_Abort
 .text.HAL_DMA_Abort_IT
                0x0800134c       0x26 build/stm32f4xx_hal_dma.o
                0x0800134c                HAL_DMA_Abort_IT
 *fill*         0x08001372        0x2 
 .text.HAL_NVIC_SetPriorityGrouping
                0x08001374       0x24 build/stm32f4xx_hal_cortex.o
                0x08001374                HAL_NVIC_SetPriorityGrouping
 .text.HAL_NVIC_SetPriority
                0x08001398       0x70 build/stm32f4xx_hal_cortex.o
                0x08001398                HAL_NVIC_SetPriority
 .text.HAL_NVIC_EnableIRQ
                0x08001408       0x1c build/stm32f4xx_hal_cortex.o
                0x08001408                HAL_NVIC_EnableIRQ
 .text.HAL_SYSTICK_Config
                0x08001424       0x28 build/stm32f4xx_hal_cortex.o
                0x08001424                HAL_SYSTICK_Config
 .text.HAL_InitTick
                0x0800144c       0x4c build/stm32f4xx_hal.o
                0x0800144c                HAL_InitTick
 .text.HAL_Init
                0x08001498       0x34 build/stm32f4xx_hal.o
                0x08001498                HAL_Init
 .text.HAL_IncTick
                0x080014cc       0x18 build/stm32f4xx_hal.o
                0x080014cc                HAL_IncTick
 .text.HAL_GetTick
                0x080014e4        0xc build/stm32f4xx_hal.o
                0x080014e4                HAL_GetTick
 .text.HAL_Delay
                0x080014f0       0x28 build/stm32f4xx_hal.o
                0x080014f0                HAL_Delay
 .text.SystemInit
                0x08001518       0x14 build/system_stm32f4xx.o
                0x08001518                SystemInit
 .text.MX_GPIO_Init
                0x0800152c       0x60 build/gpio.o
                0x0800152c                MX_GPIO_Init
 .text.MX_USART1_UART_Init
                0x0800158c       0x34 build/usart.o
                0x0800158c                MX_USART1_UART_Init
 .text.HAL_UART_MspInit
                0x080015c0       0x80 build/usart.o
                0x080015c0                HAL_UART_MspInit
 .text._write   0x08001640       0x18 build/usart.o
                0x08001640                _write
 .text.Reset_Handler
                0x08001658       0x50 build/startup_stm32f401xc.o
                0x08001658                Reset_Handler
 .text.Default_Handler
                0x080016a8        0x2 build/startup_stm32f401xc.o
                0x080016a8                RTC_Alarm_IRQHandler
                0x080016a8                EXTI2_IRQHandler
                0x080016a8                SPI4_IRQHandler
                0x080016a8                TIM1_CC_IRQHandler
                0x080016a8                DMA2_Stream5_IRQHandler
                0x080016a8                DMA1_Stream5_IRQHandler
                0x080016a8                PVD_IRQHandler
                0x080016a8                SDIO_IRQHandler
                0x080016a8                TAMP_STAMP_IRQHandler
                0x080016a8                EXTI3_IRQHandler
                0x080016a8                TIM1_UP_TIM10_IRQHandler
                0x080016a8                I2C3_ER_IRQHandler
                0x080016a8                EXTI0_IRQHandler
                0x080016a8                I2C2_EV_IRQHandler
                0x080016a8                DMA1_Stream2_IRQHandler
                0x080016a8                FPU_IRQHandler
                0x080016a8                DMA2_Stream2_IRQHandler
                0x080016a8                SPI1_IRQHandler
                0x080016a8                TIM1_BRK_TIM9_IRQHandler
                0x080016a8                DMA2_Stream3_IRQHandler
                0x080016a8                USART6_IRQHandler
                0x080016a8                DMA2_Stream0_IRQHandler
                0x080016a8                TIM4_IRQHandler
                0x080016a8                I2C1_EV_IRQHandler
                0x080016a8                DMA1_Stream6_IRQHandler
                0x080016a8                DMA1_Stream1_IRQHandler
                0x080016a8                TIM3_IRQHandler
                0x080016a8                RCC_IRQHandler
                0x080016a8                Default_Handler
                0x080016a8                EXTI15_10_IRQHandler
                0x080016a8                ADC_IRQHandler
                0x080016a8                DMA1_Stream7_IRQHandler
                0x080016a8                TIM5_IRQHandler
                0x080016a8                DMA2_Stream7_IRQHandler
                0x080016a8                I2C3_EV_IRQHandler
                0x080016a8                EXTI9_5_IRQHandler
                0x080016a8                RTC_WKUP_IRQHandler
                0x080016a8                SPI2_IRQHandler
                0x080016a8                DMA1_Stream0_IRQHandler
                0x080016a8                EXTI4_IRQHandler
                0x080016a8                WWDG_IRQHandler
                0x080016a8                TIM2_IRQHandler
                0x080016a8                OTG_FS_WKUP_IRQHandler
                0x080016a8                TIM1_TRG_COM_TIM11_IRQHandler
                0x080016a8                EXTI1_IRQHandler
                0x080016a8                USART2_IRQHandler
                0x080016a8                I2C2_ER_IRQHandler
                0x080016a8                DMA2_Stream1_IRQHandler
                0x080016a8                FLASH_IRQHandler
                0x080016a8                DMA2_Stream4_IRQHandler
                0x080016a8                OTG_FS_IRQHandler
                0x080016a8                SPI3_IRQHandler
                0x080016a8                DMA1_Stream4_IRQHandler
                0x080016a8                I2C1_ER_IRQHandler
                0x080016a8                DMA2_Stream6_IRQHandler
                0x080016a8                DMA1_Stream3_IRQHandler
 *fill*         0x080016aa        0x2 
 .text.__libc_init_array
                0x080016ac       0x48 c:/users/scien/gcc-arm-none-eabi-mingw64/bin/../lib/gcc/arm-none-eabi/11.2.1/thumb/v7e-m+fp/hard\libc_nano.a(lib_a-init.o)
                0x080016ac                __libc_init_array
 .text.memset   0x080016f4       0x10 c:/users/scien/gcc-arm-none-eabi-mingw64/bin/../lib/gcc/arm-none-eabi/11.2.1/thumb/v7e-m+fp/hard\libc_nano.a(lib_a-memset.o)
                0x080016f4                memset
 .text._puts_r  0x08001704       0xb8 c:/users/scien/gcc-arm-none-eabi-mingw64/bin/../lib/gcc/arm-none-eabi/11.2.1/thumb/v7e-m+fp/hard\libc_nano.a(lib_a-puts.o)
                0x08001704                _puts_r
 .text.puts     0x080017bc       0x10 c:/users/scien/gcc-arm-none-eabi-mingw64/bin/../lib/gcc/arm-none-eabi/11.2.1/thumb/v7e-m+fp/hard\libc_nano.a(lib_a-puts.o)
                0x080017bc                puts
 .text.__swbuf_r
                0x080017cc       0xa4 c:/users/scien/gcc-arm-none-eabi-mingw64/bin/../lib/gcc/arm-none-eabi/11.2.1/thumb/v7e-m+fp/hard\libc_nano.a(lib_a-wbuf.o)
                0x080017cc                __swbuf_r
 .text.__swsetup_r
                0x08001870       0xdc c:/users/scien/gcc-arm-none-eabi-mingw64/bin/../lib/gcc/arm-none-eabi/11.2.1/thumb/v7e-m+fp/hard\libc_nano.a(lib_a-wsetup.o)
                0x08001870                __swsetup_r
 .text.__sflush_r
                0x0800194c      0x10c c:/users/scien/gcc-arm-none-eabi-mingw64/bin/../lib/gcc/arm-none-eabi/11.2.1/thumb/v7e-m+fp/hard\libc_nano.a(lib_a-fflush.o)
                0x0800194c                __sflush_r
 .text._fflush_r
                0x08001a58       0x54 c:/users/scien/gcc-arm-none-eabi-mingw64/bin/../lib/gcc/arm-none-eabi/11.2.1/thumb/v7e-m+fp/hard\libc_nano.a(lib_a-fflush.o)
                0x08001a58                _fflush_r
 .text.std      0x08001aac       0x48 c:/users/scien/gcc-arm-none-eabi-mingw64/bin/../lib/gcc/arm-none-eabi/11.2.1/thumb/v7e-m+fp/hard\libc_nano.a(lib_a-findfp.o)
 .text._cleanup_r
                0x08001af4        0xc c:/users/scien/gcc-arm-none-eabi-mingw64/bin/../lib/gcc/arm-none-eabi/11.2.1/thumb/v7e-m+fp/hard\libc_nano.a(lib_a-findfp.o)
                0x08001af4                _cleanup_r
 .text.__sfmoreglue
                0x08001b00       0x2c c:/users/scien/gcc-arm-none-eabi-mingw64/bin/../lib/gcc/arm-none-eabi/11.2.1/thumb/v7e-m+fp/hard\libc_nano.a(lib_a-findfp.o)
                0x08001b00                __sfmoreglue
 .text.__sinit  0x08001b2c       0x60 c:/users/scien/gcc-arm-none-eabi-mingw64/bin/../lib/gcc/arm-none-eabi/11.2.1/thumb/v7e-m+fp/hard\libc_nano.a(lib_a-findfp.o)
                0x08001b2c                __sinit
 .text.__sfp    0x08001b8c       0x78 c:/users/scien/gcc-arm-none-eabi-mingw64/bin/../lib/gcc/arm-none-eabi/11.2.1/thumb/v7e-m+fp/hard\libc_nano.a(lib_a-findfp.o)
                0x08001b8c                __sfp
 .text._fwalk_reent
                0x08001c04       0x3e c:/users/scien/gcc-arm-none-eabi-mingw64/bin/../lib/gcc/arm-none-eabi/11.2.1/thumb/v7e-m+fp/hard\libc_nano.a(lib_a-fwalk.o)
                0x08001c04                _fwalk_reent
 .text.__swhatbuf_r
                0x08001c42       0x4c c:/users/scien/gcc-arm-none-eabi-mingw64/bin/../lib/gcc/arm-none-eabi/11.2.1/thumb/v7e-m+fp/hard\libc_nano.a(lib_a-makebuf.o)
                0x08001c42                __swhatbuf_r
 *fill*         0x08001c8e        0x2 
 .text.__smakebuf_r
                0x08001c90       0x80 c:/users/scien/gcc-arm-none-eabi-mingw64/bin/../lib/gcc/arm-none-eabi/11.2.1/thumb/v7e-m+fp/hard\libc_nano.a(lib_a-makebuf.o)
                0x08001c90                __smakebuf_r
 .text._free_r  0x08001d10       0x98 c:/users/scien/gcc-arm-none-eabi-mingw64/bin/../lib/gcc/arm-none-eabi/11.2.1/thumb/v7e-m+fp/hard\libc_nano.a(lib_a-nano-freer.o)
                0x08001d10                _free_r
 .text.sbrk_aligned
                0x08001da8       0x40 c:/users/scien/gcc-arm-none-eabi-mingw64/bin/../lib/gcc/arm-none-eabi/11.2.1/thumb/v7e-m+fp/hard\libc_nano.a(lib_a-nano-mallocr.o)
 .text._malloc_r
                0x08001de8       0xe8 c:/users/scien/gcc-arm-none-eabi-mingw64/bin/../lib/gcc/arm-none-eabi/11.2.1/thumb/v7e-m+fp/hard\libc_nano.a(lib_a-nano-mallocr.o)
                0x08001de8                _malloc_r
 .text._sbrk_r  0x08001ed0       0x20 c:/users/scien/gcc-arm-none-eabi-mingw64/bin/../lib/gcc/arm-none-eabi/11.2.1/thumb/v7e-m+fp/hard\libc_nano.a(lib_a-sbrkr.o)
                0x08001ed0                _sbrk_r
 .text.__sread  0x08001ef0       0x22 c:/users/scien/gcc-arm-none-eabi-mingw64/bin/../lib/gcc/arm-none-eabi/11.2.1/thumb/v7e-m+fp/hard\libc_nano.a(lib_a-stdio.o)
                0x08001ef0                __sread
 .text.__swrite
                0x08001f12       0x38 c:/users/scien/gcc-arm-none-eabi-mingw64/bin/../lib/gcc/arm-none-eabi/11.2.1/thumb/v7e-m+fp/hard\libc_nano.a(lib_a-stdio.o)
                0x08001f12                __swrite
 .text.__sseek  0x08001f4a       0x24 c:/users/scien/gcc-arm-none-eabi-mingw64/bin/../lib/gcc/arm-none-eabi/11.2.1/thumb/v7e-m+fp/hard\libc_nano.a(lib_a-stdio.o)
                0x08001f4a                __sseek
 .text.__sclose
                0x08001f6e        0x8 c:/users/scien/gcc-arm-none-eabi-mingw64/bin/../lib/gcc/arm-none-eabi/11.2.1/thumb/v7e-m+fp/hard\libc_nano.a(lib_a-stdio.o)
                0x08001f6e                __sclose
 *fill*         0x08001f76        0x2 
 .text._write_r
                0x08001f78       0x24 c:/users/scien/gcc-arm-none-eabi-mingw64/bin/../lib/gcc/arm-none-eabi/11.2.1/thumb/v7e-m+fp/hard\libc_nano.a(lib_a-writer.o)
                0x08001f78                _write_r
 .text._close_r
                0x08001f9c       0x20 c:/users/scien/gcc-arm-none-eabi-mingw64/bin/../lib/gcc/arm-none-eabi/11.2.1/thumb/v7e-m+fp/hard\libc_nano.a(lib_a-closer.o)
                0x08001f9c                _close_r
 .text._fstat_r
                0x08001fbc       0x24 c:/users/scien/gcc-arm-none-eabi-mingw64/bin/../lib/gcc/arm-none-eabi/11.2.1/thumb/v7e-m+fp/hard\libc_nano.a(lib_a-fstatr.o)
                0x08001fbc                _fstat_r
 .text._isatty_r
                0x08001fe0       0x20 c:/users/scien/gcc-arm-none-eabi-mingw64/bin/../lib/gcc/arm-none-eabi/11.2.1/thumb/v7e-m+fp/hard\libc_nano.a(lib_a-isattyr.o)
                0x08001fe0                _isatty_r
 .text._lseek_r
                0x08002000       0x24 c:/users/scien/gcc-arm-none-eabi-mingw64/bin/../lib/gcc/arm-none-eabi/11.2.1/thumb/v7e-m+fp/hard\libc_nano.a(lib_a-lseekr.o)
                0x08002000                _lseek_r
 .text.__malloc_lock
                0x08002024        0x2 c:/users/scien/gcc-arm-none-eabi-mingw64/bin/../lib/gcc/arm-none-eabi/11.2.1/thumb/v7e-m+fp/hard\libc_nano.a(lib_a-mlock.o)
                0x08002024                __malloc_lock
 .text.__malloc_unlock
                0x08002026        0x2 c:/users/scien/gcc-arm-none-eabi-mingw64/bin/../lib/gcc/arm-none-eabi/11.2.1/thumb/v7e-m+fp/hard\libc_nano.a(lib_a-mlock.o)
                0x08002026                __malloc_unlock
 .text._read_r  0x08002028       0x24 c:/users/scien/gcc-arm-none-eabi-mingw64/bin/../lib/gcc/arm-none-eabi/11.2.1/thumb/v7e-m+fp/hard\libc_nano.a(lib_a-readr.o)
                0x08002028                _read_r
 .text._close   0x0800204c       0x10 c:/users/scien/gcc-arm-none-eabi-mingw64/bin/../lib/gcc/arm-none-eabi/11.2.1/thumb/v7e-m+fp/hard\libnosys.a(close.o)
                0x0800204c                _close
 .text._fstat   0x0800205c       0x10 c:/users/scien/gcc-arm-none-eabi-mingw64/bin/../lib/gcc/arm-none-eabi/11.2.1/thumb/v7e-m+fp/hard\libnosys.a(fstat.o)
                0x0800205c                _fstat
 .text._isatty  0x0800206c       0x10 c:/users/scien/gcc-arm-none-eabi-mingw64/bin/../lib/gcc/arm-none-eabi/11.2.1/thumb/v7e-m+fp/hard\libnosys.a(isatty.o)
                0x0800206c                _isatty
 .text._lseek   0x0800207c       0x10 c:/users/scien/gcc-arm-none-eabi-mingw64/bin/../lib/gcc/arm-none-eabi/11.2.1/thumb/v7e-m+fp/hard\libnosys.a(lseek.o)
                0x0800207c                _lseek
 .text._read    0x0800208c       0x10 c:/users/scien/gcc-arm-none-eabi-mingw64/bin/../lib/gcc/arm-none-eabi/11.2.1/thumb/v7e-m+fp/hard\libnosys.a(read.o)
                0x0800208c                _read
 .text._sbrk    0x0800209c       0x1c c:/users/scien/gcc-arm-none-eabi-mingw64/bin/../lib/gcc/arm-none-eabi/11.2.1/thumb/v7e-m+fp/hard\libnosys.a(sbrk.o)
                0x0800209c                _sbrk
 .text.__udivmoddi4
                0x080020b8      0x2c8 c:/users/scien/gcc-arm-none-eabi-mingw64/bin/../lib/gcc/arm-none-eabi/11.2.1/thumb/v7e-m+fp/hard\libgcc.a(_udivmoddi4.o)
                0x080020b8                __udivmoddi4
 *(.glue_7)
 .glue_7        0x08002380        0x0 linker stubs
 *(.glue_7t)
 .glue_7t       0x08002380        0x0 linker stubs
 *(.eh_frame)
 .eh_frame      0x08002380        0x0 c:/users/scien/gcc-arm-none-eabi-mingw64/bin/../lib/gcc/arm-none-eabi/11.2.1/thumb/v7e-m+fp/hard/crtbegin.o
 *(.init)
 .init          0x08002380        0x4 c:/users/scien/gcc-arm-none-eabi-mingw64/bin/../lib/gcc/arm-none-eabi/11.2.1/thumb/v7e-m+fp/hard/crti.o
                0x08002380                _init
 .init          0x08002384        0x8 c:/users/scien/gcc-arm-none-eabi-mingw64/bin/../lib/gcc/arm-none-eabi/11.2.1/thumb/v7e-m+fp/hard/crtn.o
 *(.fini)
 .fini          0x0800238c        0x4 c:/users/scien/gcc-arm-none-eabi-mingw64/bin/../lib/gcc/arm-none-eabi/11.2.1/thumb/v7e-m+fp/hard/crti.o
                0x0800238c                _fini
 .fini          0x08002390        0x8 c:/users/scien/gcc-arm-none-eabi-mingw64/bin/../lib/gcc/arm-none-eabi/11.2.1/thumb/v7e-m+fp/hard/crtn.o
                0x08002398                . = ALIGN (0x4)
                0x08002398                _etext = .

.vfp11_veneer   0x08002398        0x0
 .vfp11_veneer  0x08002398        0x0 linker stubs

.v4_bx          0x08002398        0x0
 .v4_bx         0x08002398        0x0 linker stubs

.iplt           0x08002398        0x0
 .iplt          0x08002398        0x0 c:/users/scien/gcc-arm-none-eabi-mingw64/bin/../lib/gcc/arm-none-eabi/11.2.1/thumb/v7e-m+fp/hard/crtbegin.o

.rodata         0x08002398       0x84
                0x08002398                . = ALIGN (0x4)
 *(.rodata)
 *(.rodata*)
 .rodata.main.str1.4
                0x08002398        0x5 build/main.o
 *fill*         0x0800239d        0x3 
 .rodata.AHBPrescTable
                0x080023a0       0x10 build/system_stm32f4xx.o
                0x080023a0                AHBPrescTable
 .rodata.APBPrescTable
                0x080023b0        0x8 build/system_stm32f4xx.o
                0x080023b0                APBPrescTable
 .rodata._global_impure_ptr
                0x080023b8        0x4 c:/users/scien/gcc-arm-none-eabi-mingw64/bin/../lib/gcc/arm-none-eabi/11.2.1/thumb/v7e-m+fp/hard\libc_nano.a(lib_a-impure.o)
                0x080023b8                _global_impure_ptr
 .rodata.__sf_fake_stderr
                0x080023bc       0x20 c:/users/scien/gcc-arm-none-eabi-mingw64/bin/../lib/gcc/arm-none-eabi/11.2.1/thumb/v7e-m+fp/hard\libc_nano.a(lib_a-findfp.o)
                0x080023bc                __sf_fake_stderr
 .rodata.__sf_fake_stdin
                0x080023dc       0x20 c:/users/scien/gcc-arm-none-eabi-mingw64/bin/../lib/gcc/arm-none-eabi/11.2.1/thumb/v7e-m+fp/hard\libc_nano.a(lib_a-findfp.o)
                0x080023dc                __sf_fake_stdin
 .rodata.__sf_fake_stdout
                0x080023fc       0x20 c:/users/scien/gcc-arm-none-eabi-mingw64/bin/../lib/gcc/arm-none-eabi/11.2.1/thumb/v7e-m+fp/hard\libc_nano.a(lib_a-findfp.o)
                0x080023fc                __sf_fake_stdout
                0x0800241c                . = ALIGN (0x4)

.ARM.extab
 *(.ARM.extab* .gnu.linkonce.armextab.*)

.ARM            0x0800241c        0x8
                0x0800241c                __exidx_start = .
 *(.ARM.exidx*)
 .ARM.exidx.text.__udivmoddi4
                0x0800241c        0x8 c:/users/scien/gcc-arm-none-eabi-mingw64/bin/../lib/gcc/arm-none-eabi/11.2.1/thumb/v7e-m+fp/hard\libgcc.a(_udivmoddi4.o)
                0x08002424                __exidx_end = .

.rel.dyn        0x08002424        0x0
 .rel.iplt      0x08002424        0x0 c:/users/scien/gcc-arm-none-eabi-mingw64/bin/../lib/gcc/arm-none-eabi/11.2.1/thumb/v7e-m+fp/hard/crtbegin.o

.preinit_array  0x08002424        0x0
                0x08002424                PROVIDE (__preinit_array_start = .)
 *(.preinit_array*)
                0x08002424                PROVIDE (__preinit_array_end = .)

.init_array     0x08002424        0x4
                0x08002424                PROVIDE (__init_array_start = .)
 *(SORT_BY_NAME(.init_array.*))
 *(.init_array*)
 .init_array    0x08002424        0x4 c:/users/scien/gcc-arm-none-eabi-mingw64/bin/../lib/gcc/arm-none-eabi/11.2.1/thumb/v7e-m+fp/hard/crtbegin.o
                0x08002428                PROVIDE (__init_array_end = .)

.fini_array     0x08002428        0x4
                [!provide]                PROVIDE (__fini_array_start = .)
 *(SORT_BY_NAME(.fini_array.*))
 *(.fini_array*)
 .fini_array    0x08002428        0x4 c:/users/scien/gcc-arm-none-eabi-mingw64/bin/../lib/gcc/arm-none-eabi/11.2.1/thumb/v7e-m+fp/hard/crtbegin.o
                [!provide]                PROVIDE (__fini_array_end = .)
                0x0800242c                _sidata = LOADADDR (.data)

.data           0x20000000       0x70 load address 0x0800242c
                0x20000000                . = ALIGN (0x4)
                0x20000000                _sdata = .
 *(.data)
 *(.data*)
 .data.uwTickFreq
                0x20000000        0x1 build/stm32f4xx_hal.o
                0x20000000                uwTickFreq
 *fill*         0x20000001        0x3 
 .data.uwTickPrio
                0x20000004        0x4 build/stm32f4xx_hal.o
                0x20000004                uwTickPrio
 .data.SystemCoreClock
                0x20000008        0x4 build/system_stm32f4xx.o
                0x20000008                SystemCoreClock
 .data._impure_ptr
                0x2000000c        0x4 c:/users/scien/gcc-arm-none-eabi-mingw64/bin/../lib/gcc/arm-none-eabi/11.2.1/thumb/v7e-m+fp/hard\libc_nano.a(lib_a-impure.o)
                0x2000000c                _impure_ptr
 .data.impure_data
                0x20000010       0x60 c:/users/scien/gcc-arm-none-eabi-mingw64/bin/../lib/gcc/arm-none-eabi/11.2.1/thumb/v7e-m+fp/hard\libc_nano.a(lib_a-impure.o)
                0x20000070                . = ALIGN (0x4)
                0x20000070                _edata = .

.tm_clone_table
                0x20000070        0x0 load address 0x0800249c
 .tm_clone_table
                0x20000070        0x0 c:/users/scien/gcc-arm-none-eabi-mingw64/bin/../lib/gcc/arm-none-eabi/11.2.1/thumb/v7e-m+fp/hard/crtbegin.o
 .tm_clone_table
                0x20000070        0x0 c:/users/scien/gcc-arm-none-eabi-mingw64/bin/../lib/gcc/arm-none-eabi/11.2.1/thumb/v7e-m+fp/hard/crtend.o

.igot.plt       0x20000070        0x0 load address 0x0800249c
 .igot.plt      0x20000070        0x0 c:/users/scien/gcc-arm-none-eabi-mingw64/bin/../lib/gcc/arm-none-eabi/11.2.1/thumb/v7e-m+fp/hard/crtbegin.o
                0x20000070                . = ALIGN (0x4)

.bss            0x20000070       0x74 load address 0x0800249c
                0x20000070                _sbss = .
                0x20000070                __bss_start__ = _sbss
 *(.bss)
 *(.bss*)
 .bss.completed.1
                0x20000070        0x1 c:/users/scien/gcc-arm-none-eabi-mingw64/bin/../lib/gcc/arm-none-eabi/11.2.1/thumb/v7e-m+fp/hard/crtbegin.o
 *fill*         0x20000071        0x3 
 .bss.object.0  0x20000074       0x18 c:/users/scien/gcc-arm-none-eabi-mingw64/bin/../lib/gcc/arm-none-eabi/11.2.1/thumb/v7e-m+fp/hard/crtbegin.o
 .bss.uwTick    0x2000008c        0x4 build/stm32f4xx_hal.o
                0x2000008c                uwTick
 .bss.huart1    0x20000090       0x44 build/usart.o
                0x20000090                huart1
 .bss.__malloc_free_list
                0x200000d4        0x4 c:/users/scien/gcc-arm-none-eabi-mingw64/bin/../lib/gcc/arm-none-eabi/11.2.1/thumb/v7e-m+fp/hard\libc_nano.a(lib_a-nano-mallocr.o)
                0x200000d4                __malloc_free_list
 .bss.__malloc_sbrk_start
                0x200000d8        0x4 c:/users/scien/gcc-arm-none-eabi-mingw64/bin/../lib/gcc/arm-none-eabi/11.2.1/thumb/v7e-m+fp/hard\libc_nano.a(lib_a-nano-mallocr.o)
                0x200000d8                __malloc_sbrk_start
 .bss.errno     0x200000dc        0x4 c:/users/scien/gcc-arm-none-eabi-mingw64/bin/../lib/gcc/arm-none-eabi/11.2.1/thumb/v7e-m+fp/hard\libc_nano.a(lib_a-reent.o)
                0x200000dc                errno
 .bss.heap_end.0
                0x200000e0        0x4 c:/users/scien/gcc-arm-none-eabi-mingw64/bin/../lib/gcc/arm-none-eabi/11.2.1/thumb/v7e-m+fp/hard\libnosys.a(sbrk.o)
 *(COMMON)
                0x200000e4                . = ALIGN (0x4)
                0x200000e4                _ebss = .
                0x200000e4                __bss_end__ = _ebss

._user_heap_stack
                0x200000e4      0x604 load address 0x0800249c
                0x200000e8                . = ALIGN (0x8)
 *fill*         0x200000e4        0x4 
                0x200000e8                PROVIDE (end = .)
                [!provide]                PROVIDE (_end = .)
                0x200002e8                . = (. + _Min_Heap_Size)
 *fill*         0x200000e8      0x200 
                0x200006e8                . = (. + _Min_Stack_Size)
 *fill*         0x200002e8      0x400 
                0x200006e8                . = ALIGN (0x8)

/DISCARD/
 libc.a(*)
 libm.a(*)
 libgcc.a(*)

.ARM.attributes
                0x00000000       0x30
 *(.ARM.attributes)
 .ARM.attributes
                0x00000000       0x1e c:/users/scien/gcc-arm-none-eabi-mingw64/bin/../lib/gcc/arm-none-eabi/11.2.1/thumb/v7e-m+fp/hard/crti.o
 .ARM.attributes
                0x0000001e       0x34 c:/users/scien/gcc-arm-none-eabi-mingw64/bin/../lib/gcc/arm-none-eabi/11.2.1/thumb/v7e-m+fp/hard/crtbegin.o
 .ARM.attributes
                0x00000052       0x34 build/main.o
 .ARM.attributes
                0x00000086       0x34 build/stm32f4xx_it.o
 .ARM.attributes
                0x000000ba       0x34 build/stm32f4xx_hal_msp.o
 .ARM.attributes
                0x000000ee       0x34 build/stm32f4xx_hal_uart.o
 .ARM.attributes
                0x00000122       0x34 build/stm32f4xx_hal_rcc.o
 .ARM.attributes
                0x00000156       0x34 build/stm32f4xx_hal_gpio.o
 .ARM.attributes
                0x0000018a       0x34 build/stm32f4xx_hal_dma.o
 .ARM.attributes
                0x000001be       0x34 build/stm32f4xx_hal_cortex.o
 .ARM.attributes
                0x000001f2       0x34 build/stm32f4xx_hal.o
 .ARM.attributes
                0x00000226       0x34 build/system_stm32f4xx.o
 .ARM.attributes
                0x0000025a       0x34 build/gpio.o
 .ARM.attributes
                0x0000028e       0x34 build/usart.o
 .ARM.attributes
                0x000002c2       0x21 build/startup_stm32f401xc.o
 .ARM.attributes
                0x000002e3       0x34 c:/users/scien/gcc-arm-none-eabi-mingw64/bin/../lib/gcc/arm-none-eabi/11.2.1/thumb/v7e-m+fp/hard\libc_nano.a(lib_a-impure.o)
 .ARM.attributes
                0x00000317       0x34 c:/users/scien/gcc-arm-none-eabi-mingw64/bin/../lib/gcc/arm-none-eabi/11.2.1/thumb/v7e-m+fp/hard\libc_nano.a(lib_a-init.o)
 .ARM.attributes
                0x0000034b       0x34 c:/users/scien/gcc-arm-none-eabi-mingw64/bin/../lib/gcc/arm-none-eabi/11.2.1/thumb/v7e-m+fp/hard\libc_nano.a(lib_a-memset.o)
 .ARM.attributes
                0x0000037f       0x34 c:/users/scien/gcc-arm-none-eabi-mingw64/bin/../lib/gcc/arm-none-eabi/11.2.1/thumb/v7e-m+fp/hard\libc_nano.a(lib_a-puts.o)
 .ARM.attributes
                0x000003b3       0x34 c:/users/scien/gcc-arm-none-eabi-mingw64/bin/../lib/gcc/arm-none-eabi/11.2.1/thumb/v7e-m+fp/hard\libc_nano.a(lib_a-wbuf.o)
 .ARM.attributes
                0x000003e7       0x34 c:/users/scien/gcc-arm-none-eabi-mingw64/bin/../lib/gcc/arm-none-eabi/11.2.1/thumb/v7e-m+fp/hard\libc_nano.a(lib_a-wsetup.o)
 .ARM.attributes
                0x0000041b       0x34 c:/users/scien/gcc-arm-none-eabi-mingw64/bin/../lib/gcc/arm-none-eabi/11.2.1/thumb/v7e-m+fp/hard\libc_nano.a(lib_a-fflush.o)
 .ARM.attributes
                0x0000044f       0x34 c:/users/scien/gcc-arm-none-eabi-mingw64/bin/../lib/gcc/arm-none-eabi/11.2.1/thumb/v7e-m+fp/hard\libc_nano.a(lib_a-findfp.o)
 .ARM.attributes
                0x00000483       0x34 c:/users/scien/gcc-arm-none-eabi-mingw64/bin/../lib/gcc/arm-none-eabi/11.2.1/thumb/v7e-m+fp/hard\libc_nano.a(lib_a-fwalk.o)
 .ARM.attributes
                0x000004b7       0x34 c:/users/scien/gcc-arm-none-eabi-mingw64/bin/../lib/gcc/arm-none-eabi/11.2.1/thumb/v7e-m+fp/hard\libc_nano.a(lib_a-makebuf.o)
 .ARM.attributes
                0x000004eb       0x34 c:/users/scien/gcc-arm-none-eabi-mingw64/bin/../lib/gcc/arm-none-eabi/11.2.1/thumb/v7e-m+fp/hard\libc_nano.a(lib_a-nano-freer.o)
 .ARM.attributes
                0x0000051f       0x34 c:/users/scien/gcc-arm-none-eabi-mingw64/bin/../lib/gcc/arm-none-eabi/11.2.1/thumb/v7e-m+fp/hard\libc_nano.a(lib_a-nano-mallocr.o)
 .ARM.attributes
                0x00000553       0x34 c:/users/scien/gcc-arm-none-eabi-mingw64/bin/../lib/gcc/arm-none-eabi/11.2.1/thumb/v7e-m+fp/hard\libc_nano.a(lib_a-sbrkr.o)
 .ARM.attributes
                0x00000587       0x34 c:/users/scien/gcc-arm-none-eabi-mingw64/bin/../lib/gcc/arm-none-eabi/11.2.1/thumb/v7e-m+fp/hard\libc_nano.a(lib_a-stdio.o)
 .ARM.attributes
                0x000005bb       0x34 c:/users/scien/gcc-arm-none-eabi-mingw64/bin/../lib/gcc/arm-none-eabi/11.2.1/thumb/v7e-m+fp/hard\libc_nano.a(lib_a-writer.o)
 .ARM.attributes
                0x000005ef       0x34 c:/users/scien/gcc-arm-none-eabi-mingw64/bin/../lib/gcc/arm-none-eabi/11.2.1/thumb/v7e-m+fp/hard\libc_nano.a(lib_a-closer.o)
 .ARM.attributes
                0x00000623       0x34 c:/users/scien/gcc-arm-none-eabi-mingw64/bin/../lib/gcc/arm-none-eabi/11.2.1/thumb/v7e-m+fp/hard\libc_nano.a(lib_a-fstatr.o)
 .ARM.attributes
                0x00000657       0x34 c:/users/scien/gcc-arm-none-eabi-mingw64/bin/../lib/gcc/arm-none-eabi/11.2.1/thumb/v7e-m+fp/hard\libc_nano.a(lib_a-isattyr.o)
 .ARM.attributes
                0x0000068b       0x34 c:/users/scien/gcc-arm-none-eabi-mingw64/bin/../lib/gcc/arm-none-eabi/11.2.1/thumb/v7e-m+fp/hard\libc_nano.a(lib_a-lseekr.o)
 .ARM.attributes
                0x000006bf       0x34 c:/users/scien/gcc-arm-none-eabi-mingw64/bin/../lib/gcc/arm-none-eabi/11.2.1/thumb/v7e-m+fp/hard\libc_nano.a(lib_a-mlock.o)
 .ARM.attributes
                0x000006f3       0x34 c:/users/scien/gcc-arm-none-eabi-mingw64/bin/../lib/gcc/arm-none-eabi/11.2.1/thumb/v7e-m+fp/hard\libc_nano.a(lib_a-readr.o)
 .ARM.attributes
                0x00000727       0x34 c:/users/scien/gcc-arm-none-eabi-mingw64/bin/../lib/gcc/arm-none-eabi/11.2.1/thumb/v7e-m+fp/hard\libc_nano.a(lib_a-reent.o)
 .ARM.attributes
                0x0000075b       0x34 c:/users/scien/gcc-arm-none-eabi-mingw64/bin/../lib/gcc/arm-none-eabi/11.2.1/thumb/v7e-m+fp/hard\libnosys.a(close.o)
 .ARM.attributes
                0x0000078f       0x34 c:/users/scien/gcc-arm-none-eabi-mingw64/bin/../lib/gcc/arm-none-eabi/11.2.1/thumb/v7e-m+fp/hard\libnosys.a(fstat.o)
 .ARM.attributes
                0x000007c3       0x34 c:/users/scien/gcc-arm-none-eabi-mingw64/bin/../lib/gcc/arm-none-eabi/11.2.1/thumb/v7e-m+fp/hard\libnosys.a(isatty.o)
 .ARM.attributes
                0x000007f7       0x34 c:/users/scien/gcc-arm-none-eabi-mingw64/bin/../lib/gcc/arm-none-eabi/11.2.1/thumb/v7e-m+fp/hard\libnosys.a(lseek.o)
 .ARM.attributes
                0x0000082b       0x34 c:/users/scien/gcc-arm-none-eabi-mingw64/bin/../lib/gcc/arm-none-eabi/11.2.1/thumb/v7e-m+fp/hard\libnosys.a(read.o)
 .ARM.attributes
                0x0000085f       0x34 c:/users/scien/gcc-arm-none-eabi-mingw64/bin/../lib/gcc/arm-none-eabi/11.2.1/thumb/v7e-m+fp/hard\libnosys.a(sbrk.o)
 .ARM.attributes
                0x00000893       0x1e c:/users/scien/gcc-arm-none-eabi-mingw64/bin/../lib/gcc/arm-none-eabi/11.2.1/thumb/v7e-m+fp/hard\libgcc.a(_aeabi_uldivmod.o)
 .ARM.attributes
                0x000008b1       0x34 c:/users/scien/gcc-arm-none-eabi-mingw64/bin/../lib/gcc/arm-none-eabi/11.2.1/thumb/v7e-m+fp/hard\libgcc.a(_udivmoddi4.o)
 .ARM.attributes
                0x000008e5       0x1e c:/users/scien/gcc-arm-none-eabi-mingw64/bin/../lib/gcc/arm-none-eabi/11.2.1/thumb/v7e-m+fp/hard\libgcc.a(_dvmd_tls.o)
 .ARM.attributes
                0x00000903       0x34 c:/users/scien/gcc-arm-none-eabi-mingw64/bin/../lib/gcc/arm-none-eabi/11.2.1/thumb/v7e-m+fp/hard/crtend.o
 .ARM.attributes
                0x00000937       0x1e c:/users/scien/gcc-arm-none-eabi-mingw64/bin/../lib/gcc/arm-none-eabi/11.2.1/thumb/v7e-m+fp/hard/crtn.o
OUTPUT(build/Vscodetest.elf elf32-littlearm)
LOAD linker stubs
LOAD c:/users/scien/gcc-arm-none-eabi-mingw64/bin/../lib/gcc/arm-none-eabi/11.2.1/thumb/v7e-m+fp/hard\libc.a
LOAD c:/users/scien/gcc-arm-none-eabi-mingw64/bin/../lib/gcc/arm-none-eabi/11.2.1/thumb/v7e-m+fp/hard\libm.a
LOAD c:/users/scien/gcc-arm-none-eabi-mingw64/bin/../lib/gcc/arm-none-eabi/11.2.1/thumb/v7e-m+fp/hard\libgcc.a

.comment        0x00000000       0x57
 .comment       0x00000000       0x57 c:/users/scien/gcc-arm-none-eabi-mingw64/bin/../lib/gcc/arm-none-eabi/11.2.1/thumb/v7e-m+fp/hard/crtbegin.o
                                 0x58 (size before relaxing)
 .comment       0x00000057       0x58 build/main.o
 .comment       0x00000057       0x58 build/stm32f4xx_it.o
 .comment       0x00000057       0x58 build/stm32f4xx_hal_msp.o
 .comment       0x00000057       0x58 build/stm32f4xx_hal_uart.o
 .comment       0x00000057       0x58 build/stm32f4xx_hal_rcc.o
 .comment       0x00000057       0x58 build/stm32f4xx_hal_gpio.o
 .comment       0x00000057       0x58 build/stm32f4xx_hal_dma.o
 .comment       0x00000057       0x58 build/stm32f4xx_hal_cortex.o
 .comment       0x00000057       0x58 build/stm32f4xx_hal.o
 .comment       0x00000057       0x58 build/system_stm32f4xx.o
 .comment       0x00000057       0x58 build/gpio.o
 .comment       0x00000057       0x58 build/usart.o
 .comment       0x00000057       0x58 c:/users/scien/gcc-arm-none-eabi-mingw64/bin/../lib/gcc/arm-none-eabi/11.2.1/thumb/v7e-m+fp/hard\libc_nano.a(lib_a-impure.o)
 .comment       0x00000057       0x58 c:/users/scien/gcc-arm-none-eabi-mingw64/bin/../lib/gcc/arm-none-eabi/11.2.1/thumb/v7e-m+fp/hard\libc_nano.a(lib_a-init.o)
 .comment       0x00000057       0x58 c:/users/scien/gcc-arm-none-eabi-mingw64/bin/../lib/gcc/arm-none-eabi/11.2.1/thumb/v7e-m+fp/hard\libc_nano.a(lib_a-memset.o)
 .comment       0x00000057       0x58 c:/users/scien/gcc-arm-none-eabi-mingw64/bin/../lib/gcc/arm-none-eabi/11.2.1/thumb/v7e-m+fp/hard\libc_nano.a(lib_a-puts.o)
 .comment       0x00000057       0x58 c:/users/scien/gcc-arm-none-eabi-mingw64/bin/../lib/gcc/arm-none-eabi/11.2.1/thumb/v7e-m+fp/hard\libc_nano.a(lib_a-wbuf.o)
 .comment       0x00000057       0x58 c:/users/scien/gcc-arm-none-eabi-mingw64/bin/../lib/gcc/arm-none-eabi/11.2.1/thumb/v7e-m+fp/hard\libc_nano.a(lib_a-wsetup.o)
 .comment       0x00000057       0x58 c:/users/scien/gcc-arm-none-eabi-mingw64/bin/../lib/gcc/arm-none-eabi/11.2.1/thumb/v7e-m+fp/hard\libc_nano.a(lib_a-fflush.o)
 .comment       0x00000057       0x58 c:/users/scien/gcc-arm-none-eabi-mingw64/bin/../lib/gcc/arm-none-eabi/11.2.1/thumb/v7e-m+fp/hard\libc_nano.a(lib_a-findfp.o)
 .comment       0x00000057       0x58 c:/users/scien/gcc-arm-none-eabi-mingw64/bin/../lib/gcc/arm-none-eabi/11.2.1/thumb/v7e-m+fp/hard\libc_nano.a(lib_a-fwalk.o)
 .comment       0x00000057       0x58 c:/users/scien/gcc-arm-none-eabi-mingw64/bin/../lib/gcc/arm-none-eabi/11.2.1/thumb/v7e-m+fp/hard\libc_nano.a(lib_a-makebuf.o)
 .comment       0x00000057       0x58 c:/users/scien/gcc-arm-none-eabi-mingw64/bin/../lib/gcc/arm-none-eabi/11.2.1/thumb/v7e-m+fp/hard\libc_nano.a(lib_a-nano-freer.o)
 .comment       0x00000057       0x58 c:/users/scien/gcc-arm-none-eabi-mingw64/bin/../lib/gcc/arm-none-eabi/11.2.1/thumb/v7e-m+fp/hard\libc_nano.a(lib_a-nano-mallocr.o)
 .comment       0x00000057       0x58 c:/users/scien/gcc-arm-none-eabi-mingw64/bin/../lib/gcc/arm-none-eabi/11.2.1/thumb/v7e-m+fp/hard\libc_nano.a(lib_a-sbrkr.o)
 .comment       0x00000057       0x58 c:/users/scien/gcc-arm-none-eabi-mingw64/bin/../lib/gcc/arm-none-eabi/11.2.1/thumb/v7e-m+fp/hard\libc_nano.a(lib_a-stdio.o)
 .comment       0x00000057       0x58 c:/users/scien/gcc-arm-none-eabi-mingw64/bin/../lib/gcc/arm-none-eabi/11.2.1/thumb/v7e-m+fp/hard\libc_nano.a(lib_a-writer.o)
 .comment       0x00000057       0x58 c:/users/scien/gcc-arm-none-eabi-mingw64/bin/../lib/gcc/arm-none-eabi/11.2.1/thumb/v7e-m+fp/hard\libc_nano.a(lib_a-closer.o)
 .comment       0x00000057       0x58 c:/users/scien/gcc-arm-none-eabi-mingw64/bin/../lib/gcc/arm-none-eabi/11.2.1/thumb/v7e-m+fp/hard\libc_nano.a(lib_a-fstatr.o)
 .comment       0x00000057       0x58 c:/users/scien/gcc-arm-none-eabi-mingw64/bin/../lib/gcc/arm-none-eabi/11.2.1/thumb/v7e-m+fp/hard\libc_nano.a(lib_a-isattyr.o)
 .comment       0x00000057       0x58 c:/users/scien/gcc-arm-none-eabi-mingw64/bin/../lib/gcc/arm-none-eabi/11.2.1/thumb/v7e-m+fp/hard\libc_nano.a(lib_a-lseekr.o)
 .comment       0x00000057       0x58 c:/users/scien/gcc-arm-none-eabi-mingw64/bin/../lib/gcc/arm-none-eabi/11.2.1/thumb/v7e-m+fp/hard\libc_nano.a(lib_a-mlock.o)
 .comment       0x00000057       0x58 c:/users/scien/gcc-arm-none-eabi-mingw64/bin/../lib/gcc/arm-none-eabi/11.2.1/thumb/v7e-m+fp/hard\libc_nano.a(lib_a-readr.o)
 .comment       0x00000057       0x58 c:/users/scien/gcc-arm-none-eabi-mingw64/bin/../lib/gcc/arm-none-eabi/11.2.1/thumb/v7e-m+fp/hard\libc_nano.a(lib_a-reent.o)
 .comment       0x00000057       0x58 c:/users/scien/gcc-arm-none-eabi-mingw64/bin/../lib/gcc/arm-none-eabi/11.2.1/thumb/v7e-m+fp/hard\libnosys.a(close.o)
 .comment       0x00000057       0x58 c:/users/scien/gcc-arm-none-eabi-mingw64/bin/../lib/gcc/arm-none-eabi/11.2.1/thumb/v7e-m+fp/hard\libnosys.a(fstat.o)
 .comment       0x00000057       0x58 c:/users/scien/gcc-arm-none-eabi-mingw64/bin/../lib/gcc/arm-none-eabi/11.2.1/thumb/v7e-m+fp/hard\libnosys.a(isatty.o)
 .comment       0x00000057       0x58 c:/users/scien/gcc-arm-none-eabi-mingw64/bin/../lib/gcc/arm-none-eabi/11.2.1/thumb/v7e-m+fp/hard\libnosys.a(lseek.o)
 .comment       0x00000057       0x58 c:/users/scien/gcc-arm-none-eabi-mingw64/bin/../lib/gcc/arm-none-eabi/11.2.1/thumb/v7e-m+fp/hard\libnosys.a(read.o)
 .comment       0x00000057       0x58 c:/users/scien/gcc-arm-none-eabi-mingw64/bin/../lib/gcc/arm-none-eabi/11.2.1/thumb/v7e-m+fp/hard\libnosys.a(sbrk.o)
 .comment       0x00000057       0x58 c:/users/scien/gcc-arm-none-eabi-mingw64/bin/../lib/gcc/arm-none-eabi/11.2.1/thumb/v7e-m+fp/hard\libgcc.a(_udivmoddi4.o)
 .comment       0x00000057       0x58 c:/users/scien/gcc-arm-none-eabi-mingw64/bin/../lib/gcc/arm-none-eabi/11.2.1/thumb/v7e-m+fp/hard/crtend.o

.debug_info     0x00000000    0x17004
 .debug_info    0x00000000      0x6bd build/main.o
 .debug_info    0x000006bd      0x726 build/stm32f4xx_it.o
 .debug_info    0x00000de3      0x31d build/stm32f4xx_hal_msp.o
 .debug_info    0x00001100     0x441d build/stm32f4xx_hal_uart.o
 .debug_info    0x0000551d      0xc36 build/stm32f4xx_hal_rcc.o
 .debug_info    0x00006153      0x872 build/stm32f4xx_hal_gpio.o
 .debug_info    0x000069c5      0xbc6 build/stm32f4xx_hal_dma.o
 .debug_info    0x0000758b     0x10e4 build/stm32f4xx_hal_cortex.o
 .debug_info    0x0000866f      0xa8a build/stm32f4xx_hal.o
 .debug_info    0x000090f9      0x5e5 build/system_stm32f4xx.o
 .debug_info    0x000096de      0x357 build/gpio.o
 .debug_info    0x00009a35      0xe05 build/usart.o
 .debug_info    0x0000a83a       0x22 build/startup_stm32f401xc.o
 .debug_info    0x0000a85c      0x7fc c:/users/scien/gcc-arm-none-eabi-mingw64/bin/../lib/gcc/arm-none-eabi/11.2.1/thumb/v7e-m+fp/hard\libc_nano.a(lib_a-impure.o)
 .debug_info    0x0000b058      0x10b c:/users/scien/gcc-arm-none-eabi-mingw64/bin/../lib/gcc/arm-none-eabi/11.2.1/thumb/v7e-m+fp/hard\libc_nano.a(lib_a-init.o)
 .debug_info    0x0000b163       0xe0 c:/users/scien/gcc-arm-none-eabi-mingw64/bin/../lib/gcc/arm-none-eabi/11.2.1/thumb/v7e-m+fp/hard\libc_nano.a(lib_a-memset.o)
 .debug_info    0x0000b243      0xa0f c:/users/scien/gcc-arm-none-eabi-mingw64/bin/../lib/gcc/arm-none-eabi/11.2.1/thumb/v7e-m+fp/hard\libc_nano.a(lib_a-puts.o)
 .debug_info    0x0000bc52      0x953 c:/users/scien/gcc-arm-none-eabi-mingw64/bin/../lib/gcc/arm-none-eabi/11.2.1/thumb/v7e-m+fp/hard\libc_nano.a(lib_a-wbuf.o)
 .debug_info    0x0000c5a5      0x8af c:/users/scien/gcc-arm-none-eabi-mingw64/bin/../lib/gcc/arm-none-eabi/11.2.1/thumb/v7e-m+fp/hard\libc_nano.a(lib_a-wsetup.o)
 .debug_info    0x0000ce54      0xa4e c:/users/scien/gcc-arm-none-eabi-mingw64/bin/../lib/gcc/arm-none-eabi/11.2.1/thumb/v7e-m+fp/hard\libc_nano.a(lib_a-fflush.o)
 .debug_info    0x0000d8a2      0xebd c:/users/scien/gcc-arm-none-eabi-mingw64/bin/../lib/gcc/arm-none-eabi/11.2.1/thumb/v7e-m+fp/hard\libc_nano.a(lib_a-findfp.o)
 .debug_info    0x0000e75f      0x88f c:/users/scien/gcc-arm-none-eabi-mingw64/bin/../lib/gcc/arm-none-eabi/11.2.1/thumb/v7e-m+fp/hard\libc_nano.a(lib_a-fwalk.o)
 .debug_info    0x0000efee      0xb81 c:/users/scien/gcc-arm-none-eabi-mingw64/bin/../lib/gcc/arm-none-eabi/11.2.1/thumb/v7e-m+fp/hard\libc_nano.a(lib_a-makebuf.o)
 .debug_info    0x0000fb6f      0x89c c:/users/scien/gcc-arm-none-eabi-mingw64/bin/../lib/gcc/arm-none-eabi/11.2.1/thumb/v7e-m+fp/hard\libc_nano.a(lib_a-nano-freer.o)
 .debug_info    0x0001040b      0xa12 c:/users/scien/gcc-arm-none-eabi-mingw64/bin/../lib/gcc/arm-none-eabi/11.2.1/thumb/v7e-m+fp/hard\libc_nano.a(lib_a-nano-mallocr.o)
 .debug_info    0x00010e1d      0x7d2 c:/users/scien/gcc-arm-none-eabi-mingw64/bin/../lib/gcc/arm-none-eabi/11.2.1/thumb/v7e-m+fp/hard\libc_nano.a(lib_a-sbrkr.o)
 .debug_info    0x000115ef      0xaaa c:/users/scien/gcc-arm-none-eabi-mingw64/bin/../lib/gcc/arm-none-eabi/11.2.1/thumb/v7e-m+fp/hard\libc_nano.a(lib_a-stdio.o)
 .debug_info    0x00012099      0x809 c:/users/scien/gcc-arm-none-eabi-mingw64/bin/../lib/gcc/arm-none-eabi/11.2.1/thumb/v7e-m+fp/hard\libc_nano.a(lib_a-writer.o)
 .debug_info    0x000128a2      0x7ad c:/users/scien/gcc-arm-none-eabi-mingw64/bin/../lib/gcc/arm-none-eabi/11.2.1/thumb/v7e-m+fp/hard\libc_nano.a(lib_a-closer.o)
 .debug_info    0x0001304f      0x9cb c:/users/scien/gcc-arm-none-eabi-mingw64/bin/../lib/gcc/arm-none-eabi/11.2.1/thumb/v7e-m+fp/hard\libc_nano.a(lib_a-fstatr.o)
 .debug_info    0x00013a1a      0x7ad c:/users/scien/gcc-arm-none-eabi-mingw64/bin/../lib/gcc/arm-none-eabi/11.2.1/thumb/v7e-m+fp/hard\libc_nano.a(lib_a-isattyr.o)
 .debug_info    0x000141c7      0x7ec c:/users/scien/gcc-arm-none-eabi-mingw64/bin/../lib/gcc/arm-none-eabi/11.2.1/thumb/v7e-m+fp/hard\libc_nano.a(lib_a-lseekr.o)
 .debug_info    0x000149b3      0x77c c:/users/scien/gcc-arm-none-eabi-mingw64/bin/../lib/gcc/arm-none-eabi/11.2.1/thumb/v7e-m+fp/hard\libc_nano.a(lib_a-mlock.o)
 .debug_info    0x0001512f      0x803 c:/users/scien/gcc-arm-none-eabi-mingw64/bin/../lib/gcc/arm-none-eabi/11.2.1/thumb/v7e-m+fp/hard\libc_nano.a(lib_a-readr.o)
 .debug_info    0x00015932      0x92c c:/users/scien/gcc-arm-none-eabi-mingw64/bin/../lib/gcc/arm-none-eabi/11.2.1/thumb/v7e-m+fp/hard\libc_nano.a(lib_a-reent.o)
 .debug_info    0x0001625e       0xb2 c:/users/scien/gcc-arm-none-eabi-mingw64/bin/../lib/gcc/arm-none-eabi/11.2.1/thumb/v7e-m+fp/hard\libnosys.a(close.o)
 .debug_info    0x00016310      0x2cb c:/users/scien/gcc-arm-none-eabi-mingw64/bin/../lib/gcc/arm-none-eabi/11.2.1/thumb/v7e-m+fp/hard\libnosys.a(fstat.o)
 .debug_info    0x000165db       0xb2 c:/users/scien/gcc-arm-none-eabi-mingw64/bin/../lib/gcc/arm-none-eabi/11.2.1/thumb/v7e-m+fp/hard\libnosys.a(isatty.o)
 .debug_info    0x0001668d       0xd4 c:/users/scien/gcc-arm-none-eabi-mingw64/bin/../lib/gcc/arm-none-eabi/11.2.1/thumb/v7e-m+fp/hard\libnosys.a(lseek.o)
 .debug_info    0x00016761       0xda c:/users/scien/gcc-arm-none-eabi-mingw64/bin/../lib/gcc/arm-none-eabi/11.2.1/thumb/v7e-m+fp/hard\libnosys.a(read.o)
 .debug_info    0x0001683b       0x9e c:/users/scien/gcc-arm-none-eabi-mingw64/bin/../lib/gcc/arm-none-eabi/11.2.1/thumb/v7e-m+fp/hard\libnosys.a(sbrk.o)
 .debug_info    0x000168d9       0x24 c:/users/scien/gcc-arm-none-eabi-mingw64/bin/../lib/gcc/arm-none-eabi/11.2.1/thumb/v7e-m+fp/hard\libgcc.a(_aeabi_uldivmod.o)
 .debug_info    0x000168fd      0x6e3 c:/users/scien/gcc-arm-none-eabi-mingw64/bin/../lib/gcc/arm-none-eabi/11.2.1/thumb/v7e-m+fp/hard\libgcc.a(_udivmoddi4.o)
 .debug_info    0x00016fe0       0x24 c:/users/scien/gcc-arm-none-eabi-mingw64/bin/../lib/gcc/arm-none-eabi/11.2.1/thumb/v7e-m+fp/hard\libgcc.a(_dvmd_tls.o)

.debug_abbrev   0x00000000     0x49c3
 .debug_abbrev  0x00000000      0x21f build/main.o
 .debug_abbrev  0x0000021f      0x183 build/stm32f4xx_it.o
 .debug_abbrev  0x000003a2       0xd3 build/stm32f4xx_hal_msp.o
 .debug_abbrev  0x00000475      0x380 build/stm32f4xx_hal_uart.o
 .debug_abbrev  0x000007f5      0x2de build/stm32f4xx_hal_rcc.o
 .debug_abbrev  0x00000ad3      0x22b build/stm32f4xx_hal_gpio.o
 .debug_abbrev  0x00000cfe      0x2be build/stm32f4xx_hal_dma.o
 .debug_abbrev  0x00000fbc      0x371 build/stm32f4xx_hal_cortex.o
 .debug_abbrev  0x0000132d      0x275 build/stm32f4xx_hal.o
 .debug_abbrev  0x000015a2      0x11b build/system_stm32f4xx.o
 .debug_abbrev  0x000016bd       0xd3 build/gpio.o
 .debug_abbrev  0x00001790      0x25f build/usart.o
 .debug_abbrev  0x000019ef       0x12 build/startup_stm32f401xc.o
 .debug_abbrev  0x00001a01      0x15a c:/users/scien/gcc-arm-none-eabi-mingw64/bin/../lib/gcc/arm-none-eabi/11.2.1/thumb/v7e-m+fp/hard\libc_nano.a(lib_a-impure.o)
 .debug_abbrev  0x00001b5b       0xc9 c:/users/scien/gcc-arm-none-eabi-mingw64/bin/../lib/gcc/arm-none-eabi/11.2.1/thumb/v7e-m+fp/hard\libc_nano.a(lib_a-init.o)
 .debug_abbrev  0x00001c24       0x9e c:/users/scien/gcc-arm-none-eabi-mingw64/bin/../lib/gcc/arm-none-eabi/11.2.1/thumb/v7e-m+fp/hard\libc_nano.a(lib_a-memset.o)
 .debug_abbrev  0x00001cc2      0x29f c:/users/scien/gcc-arm-none-eabi-mingw64/bin/../lib/gcc/arm-none-eabi/11.2.1/thumb/v7e-m+fp/hard\libc_nano.a(lib_a-puts.o)
 .debug_abbrev  0x00001f61      0x22e c:/users/scien/gcc-arm-none-eabi-mingw64/bin/../lib/gcc/arm-none-eabi/11.2.1/thumb/v7e-m+fp/hard\libc_nano.a(lib_a-wbuf.o)
 .debug_abbrev  0x0000218f      0x1d9 c:/users/scien/gcc-arm-none-eabi-mingw64/bin/../lib/gcc/arm-none-eabi/11.2.1/thumb/v7e-m+fp/hard\libc_nano.a(lib_a-wsetup.o)
 .debug_abbrev  0x00002368      0x2b9 c:/users/scien/gcc-arm-none-eabi-mingw64/bin/../lib/gcc/arm-none-eabi/11.2.1/thumb/v7e-m+fp/hard\libc_nano.a(lib_a-fflush.o)
 .debug_abbrev  0x00002621      0x3cd c:/users/scien/gcc-arm-none-eabi-mingw64/bin/../lib/gcc/arm-none-eabi/11.2.1/thumb/v7e-m+fp/hard\libc_nano.a(lib_a-findfp.o)
 .debug_abbrev  0x000029ee      0x19f c:/users/scien/gcc-arm-none-eabi-mingw64/bin/../lib/gcc/arm-none-eabi/11.2.1/thumb/v7e-m+fp/hard\libc_nano.a(lib_a-fwalk.o)
 .debug_abbrev  0x00002b8d      0x2a3 c:/users/scien/gcc-arm-none-eabi-mingw64/bin/../lib/gcc/arm-none-eabi/11.2.1/thumb/v7e-m+fp/hard\libc_nano.a(lib_a-makebuf.o)
 .debug_abbrev  0x00002e30      0x23b c:/users/scien/gcc-arm-none-eabi-mingw64/bin/../lib/gcc/arm-none-eabi/11.2.1/thumb/v7e-m+fp/hard\libc_nano.a(lib_a-nano-freer.o)
 .debug_abbrev  0x0000306b      0x24a c:/users/scien/gcc-arm-none-eabi-mingw64/bin/../lib/gcc/arm-none-eabi/11.2.1/thumb/v7e-m+fp/hard\libc_nano.a(lib_a-nano-mallocr.o)
 .debug_abbrev  0x000032b5      0x1da c:/users/scien/gcc-arm-none-eabi-mingw64/bin/../lib/gcc/arm-none-eabi/11.2.1/thumb/v7e-m+fp/hard\libc_nano.a(lib_a-sbrkr.o)
 .debug_abbrev  0x0000348f      0x221 c:/users/scien/gcc-arm-none-eabi-mingw64/bin/../lib/gcc/arm-none-eabi/11.2.1/thumb/v7e-m+fp/hard\libc_nano.a(lib_a-stdio.o)
 .debug_abbrev  0x000036b0      0x1b5 c:/users/scien/gcc-arm-none-eabi-mingw64/bin/../lib/gcc/arm-none-eabi/11.2.1/thumb/v7e-m+fp/hard\libc_nano.a(lib_a-writer.o)
 .debug_abbrev  0x00003865      0x1b0 c:/users/scien/gcc-arm-none-eabi-mingw64/bin/../lib/gcc/arm-none-eabi/11.2.1/thumb/v7e-m+fp/hard\libc_nano.a(lib_a-closer.o)
 .debug_abbrev  0x00003a15      0x1c3 c:/users/scien/gcc-arm-none-eabi-mingw64/bin/../lib/gcc/arm-none-eabi/11.2.1/thumb/v7e-m+fp/hard\libc_nano.a(lib_a-fstatr.o)
 .debug_abbrev  0x00003bd8      0x1b0 c:/users/scien/gcc-arm-none-eabi-mingw64/bin/../lib/gcc/arm-none-eabi/11.2.1/thumb/v7e-m+fp/hard\libc_nano.a(lib_a-isattyr.o)
 .debug_abbrev  0x00003d88      0x1c4 c:/users/scien/gcc-arm-none-eabi-mingw64/bin/../lib/gcc/arm-none-eabi/11.2.1/thumb/v7e-m+fp/hard\libc_nano.a(lib_a-lseekr.o)
 .debug_abbrev  0x00003f4c      0x192 c:/users/scien/gcc-arm-none-eabi-mingw64/bin/../lib/gcc/arm-none-eabi/11.2.1/thumb/v7e-m+fp/hard\libc_nano.a(lib_a-mlock.o)
 .debug_abbrev  0x000040de      0x1b0 c:/users/scien/gcc-arm-none-eabi-mingw64/bin/../lib/gcc/arm-none-eabi/11.2.1/thumb/v7e-m+fp/hard\libc_nano.a(lib_a-readr.o)
 .debug_abbrev  0x0000428e      0x233 c:/users/scien/gcc-arm-none-eabi-mingw64/bin/../lib/gcc/arm-none-eabi/11.2.1/thumb/v7e-m+fp/hard\libc_nano.a(lib_a-reent.o)
 .debug_abbrev  0x000044c1       0x6c c:/users/scien/gcc-arm-none-eabi-mingw64/bin/../lib/gcc/arm-none-eabi/11.2.1/thumb/v7e-m+fp/hard\libnosys.a(close.o)
 .debug_abbrev  0x0000452d       0xcc c:/users/scien/gcc-arm-none-eabi-mingw64/bin/../lib/gcc/arm-none-eabi/11.2.1/thumb/v7e-m+fp/hard\libnosys.a(fstat.o)
 .debug_abbrev  0x000045f9       0x6c c:/users/scien/gcc-arm-none-eabi-mingw64/bin/../lib/gcc/arm-none-eabi/11.2.1/thumb/v7e-m+fp/hard\libnosys.a(isatty.o)
 .debug_abbrev  0x00004665       0x91 c:/users/scien/gcc-arm-none-eabi-mingw64/bin/../lib/gcc/arm-none-eabi/11.2.1/thumb/v7e-m+fp/hard\libnosys.a(lseek.o)
 .debug_abbrev  0x000046f6       0x9a c:/users/scien/gcc-arm-none-eabi-mingw64/bin/../lib/gcc/arm-none-eabi/11.2.1/thumb/v7e-m+fp/hard\libnosys.a(read.o)
 .debug_abbrev  0x00004790       0xa1 c:/users/scien/gcc-arm-none-eabi-mingw64/bin/../lib/gcc/arm-none-eabi/11.2.1/thumb/v7e-m+fp/hard\libnosys.a(sbrk.o)
 .debug_abbrev  0x00004831       0x14 c:/users/scien/gcc-arm-none-eabi-mingw64/bin/../lib/gcc/arm-none-eabi/11.2.1/thumb/v7e-m+fp/hard\libgcc.a(_aeabi_uldivmod.o)
 .debug_abbrev  0x00004845      0x16a c:/users/scien/gcc-arm-none-eabi-mingw64/bin/../lib/gcc/arm-none-eabi/11.2.1/thumb/v7e-m+fp/hard\libgcc.a(_udivmoddi4.o)
 .debug_abbrev  0x000049af       0x14 c:/users/scien/gcc-arm-none-eabi-mingw64/bin/../lib/gcc/arm-none-eabi/11.2.1/thumb/v7e-m+fp/hard\libgcc.a(_dvmd_tls.o)

.debug_loc      0x00000000     0x77ce
 .debug_loc     0x00000000       0x66 build/main.o
 .debug_loc     0x00000066       0x40 build/stm32f4xx_it.o
 .debug_loc     0x000000a6       0x2c build/stm32f4xx_hal_msp.o
 .debug_loc     0x000000d2     0x4f99 build/stm32f4xx_hal_uart.o
 .debug_loc     0x0000506b      0x6e4 build/stm32f4xx_hal_rcc.o
 .debug_loc     0x0000574f      0x5db build/stm32f4xx_hal_gpio.o
 .debug_loc     0x00005d2a      0xd6d build/stm32f4xx_hal_dma.o
 .debug_loc     0x00006a97      0x831 build/stm32f4xx_hal_cortex.o
 .debug_loc     0x000072c8      0x1e1 build/stm32f4xx_hal.o
 .debug_loc     0x000074a9      0x158 build/system_stm32f4xx.o
 .debug_loc     0x00007601       0x2c build/gpio.o
 .debug_loc     0x0000762d      0x1a1 build/usart.o

.debug_aranges  0x00000000      0xae8
 .debug_aranges
                0x00000000       0x30 build/main.o
 .debug_aranges
                0x00000030       0x68 build/stm32f4xx_it.o
 .debug_aranges
                0x00000098       0x20 build/stm32f4xx_hal_msp.o
 .debug_aranges
                0x000000b8      0x200 build/stm32f4xx_hal_uart.o
 .debug_aranges
                0x000002b8       0x88 build/stm32f4xx_hal_rcc.o
 .debug_aranges
                0x00000340       0x58 build/stm32f4xx_hal_gpio.o
 .debug_aranges
                0x00000398       0x90 build/stm32f4xx_hal_dma.o
 .debug_aranges
                0x00000428       0xa8 build/stm32f4xx_hal_cortex.o
 .debug_aranges
                0x000004d0       0xf0 build/stm32f4xx_hal.o
 .debug_aranges
                0x000005c0       0x28 build/system_stm32f4xx.o
 .debug_aranges
                0x000005e8       0x20 build/gpio.o
 .debug_aranges
                0x00000608       0x38 build/usart.o
 .debug_aranges
                0x00000640       0x28 build/startup_stm32f401xc.o
 .debug_aranges
                0x00000668       0x18 c:/users/scien/gcc-arm-none-eabi-mingw64/bin/../lib/gcc/arm-none-eabi/11.2.1/thumb/v7e-m+fp/hard\libc_nano.a(lib_a-impure.o)
 .debug_aranges
                0x00000680       0x20 c:/users/scien/gcc-arm-none-eabi-mingw64/bin/../lib/gcc/arm-none-eabi/11.2.1/thumb/v7e-m+fp/hard\libc_nano.a(lib_a-init.o)
 .debug_aranges
                0x000006a0       0x20 c:/users/scien/gcc-arm-none-eabi-mingw64/bin/../lib/gcc/arm-none-eabi/11.2.1/thumb/v7e-m+fp/hard\libc_nano.a(lib_a-memset.o)
 .debug_aranges
                0x000006c0       0x28 c:/users/scien/gcc-arm-none-eabi-mingw64/bin/../lib/gcc/arm-none-eabi/11.2.1/thumb/v7e-m+fp/hard\libc_nano.a(lib_a-puts.o)
 .debug_aranges
                0x000006e8       0x28 c:/users/scien/gcc-arm-none-eabi-mingw64/bin/../lib/gcc/arm-none-eabi/11.2.1/thumb/v7e-m+fp/hard\libc_nano.a(lib_a-wbuf.o)
 .debug_aranges
                0x00000710       0x20 c:/users/scien/gcc-arm-none-eabi-mingw64/bin/../lib/gcc/arm-none-eabi/11.2.1/thumb/v7e-m+fp/hard\libc_nano.a(lib_a-wsetup.o)
 .debug_aranges
                0x00000730       0x30 c:/users/scien/gcc-arm-none-eabi-mingw64/bin/../lib/gcc/arm-none-eabi/11.2.1/thumb/v7e-m+fp/hard\libc_nano.a(lib_a-fflush.o)
 .debug_aranges
                0x00000760       0x68 c:/users/scien/gcc-arm-none-eabi-mingw64/bin/../lib/gcc/arm-none-eabi/11.2.1/thumb/v7e-m+fp/hard\libc_nano.a(lib_a-findfp.o)
 .debug_aranges
                0x000007c8       0x28 c:/users/scien/gcc-arm-none-eabi-mingw64/bin/../lib/gcc/arm-none-eabi/11.2.1/thumb/v7e-m+fp/hard\libc_nano.a(lib_a-fwalk.o)
 .debug_aranges
                0x000007f0       0x28 c:/users/scien/gcc-arm-none-eabi-mingw64/bin/../lib/gcc/arm-none-eabi/11.2.1/thumb/v7e-m+fp/hard\libc_nano.a(lib_a-makebuf.o)
 .debug_aranges
                0x00000818       0x20 c:/users/scien/gcc-arm-none-eabi-mingw64/bin/../lib/gcc/arm-none-eabi/11.2.1/thumb/v7e-m+fp/hard\libc_nano.a(lib_a-nano-freer.o)
 .debug_aranges
                0x00000838       0x28 c:/users/scien/gcc-arm-none-eabi-mingw64/bin/../lib/gcc/arm-none-eabi/11.2.1/thumb/v7e-m+fp/hard\libc_nano.a(lib_a-nano-mallocr.o)
 .debug_aranges
                0x00000860       0x20 c:/users/scien/gcc-arm-none-eabi-mingw64/bin/../lib/gcc/arm-none-eabi/11.2.1/thumb/v7e-m+fp/hard\libc_nano.a(lib_a-sbrkr.o)
 .debug_aranges
                0x00000880       0x40 c:/users/scien/gcc-arm-none-eabi-mingw64/bin/../lib/gcc/arm-none-eabi/11.2.1/thumb/v7e-m+fp/hard\libc_nano.a(lib_a-stdio.o)
 .debug_aranges
                0x000008c0       0x20 c:/users/scien/gcc-arm-none-eabi-mingw64/bin/../lib/gcc/arm-none-eabi/11.2.1/thumb/v7e-m+fp/hard\libc_nano.a(lib_a-writer.o)
 .debug_aranges
                0x000008e0       0x20 c:/users/scien/gcc-arm-none-eabi-mingw64/bin/../lib/gcc/arm-none-eabi/11.2.1/thumb/v7e-m+fp/hard\libc_nano.a(lib_a-closer.o)
 .debug_aranges
                0x00000900       0x20 c:/users/scien/gcc-arm-none-eabi-mingw64/bin/../lib/gcc/arm-none-eabi/11.2.1/thumb/v7e-m+fp/hard\libc_nano.a(lib_a-fstatr.o)
 .debug_aranges
                0x00000920       0x20 c:/users/scien/gcc-arm-none-eabi-mingw64/bin/../lib/gcc/arm-none-eabi/11.2.1/thumb/v7e-m+fp/hard\libc_nano.a(lib_a-isattyr.o)
 .debug_aranges
                0x00000940       0x20 c:/users/scien/gcc-arm-none-eabi-mingw64/bin/../lib/gcc/arm-none-eabi/11.2.1/thumb/v7e-m+fp/hard\libc_nano.a(lib_a-lseekr.o)
 .debug_aranges
                0x00000960       0x20 c:/users/scien/gcc-arm-none-eabi-mingw64/bin/../lib/gcc/arm-none-eabi/11.2.1/thumb/v7e-m+fp/hard\libc_nano.a(lib_a-mlock.o)
 .debug_aranges
                0x00000980       0x20 c:/users/scien/gcc-arm-none-eabi-mingw64/bin/../lib/gcc/arm-none-eabi/11.2.1/thumb/v7e-m+fp/hard\libc_nano.a(lib_a-readr.o)
 .debug_aranges
                0x000009a0       0x28 c:/users/scien/gcc-arm-none-eabi-mingw64/bin/../lib/gcc/arm-none-eabi/11.2.1/thumb/v7e-m+fp/hard\libc_nano.a(lib_a-reent.o)
 .debug_aranges
                0x000009c8       0x20 c:/users/scien/gcc-arm-none-eabi-mingw64/bin/../lib/gcc/arm-none-eabi/11.2.1/thumb/v7e-m+fp/hard\libnosys.a(close.o)
 .debug_aranges
                0x000009e8       0x20 c:/users/scien/gcc-arm-none-eabi-mingw64/bin/../lib/gcc/arm-none-eabi/11.2.1/thumb/v7e-m+fp/hard\libnosys.a(fstat.o)
 .debug_aranges
                0x00000a08       0x20 c:/users/scien/gcc-arm-none-eabi-mingw64/bin/../lib/gcc/arm-none-eabi/11.2.1/thumb/v7e-m+fp/hard\libnosys.a(isatty.o)
 .debug_aranges
                0x00000a28       0x20 c:/users/scien/gcc-arm-none-eabi-mingw64/bin/../lib/gcc/arm-none-eabi/11.2.1/thumb/v7e-m+fp/hard\libnosys.a(lseek.o)
 .debug_aranges
                0x00000a48       0x20 c:/users/scien/gcc-arm-none-eabi-mingw64/bin/../lib/gcc/arm-none-eabi/11.2.1/thumb/v7e-m+fp/hard\libnosys.a(read.o)
 .debug_aranges
                0x00000a68       0x20 c:/users/scien/gcc-arm-none-eabi-mingw64/bin/../lib/gcc/arm-none-eabi/11.2.1/thumb/v7e-m+fp/hard\libnosys.a(sbrk.o)
 .debug_aranges
                0x00000a88       0x20 c:/users/scien/gcc-arm-none-eabi-mingw64/bin/../lib/gcc/arm-none-eabi/11.2.1/thumb/v7e-m+fp/hard\libgcc.a(_aeabi_uldivmod.o)
 .debug_aranges
                0x00000aa8       0x20 c:/users/scien/gcc-arm-none-eabi-mingw64/bin/../lib/gcc/arm-none-eabi/11.2.1/thumb/v7e-m+fp/hard\libgcc.a(_udivmoddi4.o)
 .debug_aranges
                0x00000ac8       0x20 c:/users/scien/gcc-arm-none-eabi-mingw64/bin/../lib/gcc/arm-none-eabi/11.2.1/thumb/v7e-m+fp/hard\libgcc.a(_dvmd_tls.o)

.debug_ranges   0x00000000      0x630
 .debug_ranges  0x00000000       0x20 build/main.o
 .debug_ranges  0x00000020       0x58 build/stm32f4xx_it.o
 .debug_ranges  0x00000078       0x10 build/stm32f4xx_hal_msp.o
 .debug_ranges  0x00000088      0x208 build/stm32f4xx_hal_uart.o
 .debug_ranges  0x00000290       0x90 build/stm32f4xx_hal_rcc.o
 .debug_ranges  0x00000320       0x48 build/stm32f4xx_hal_gpio.o
 .debug_ranges  0x00000368       0x80 build/stm32f4xx_hal_dma.o
 .debug_ranges  0x000003e8       0xf8 build/stm32f4xx_hal_cortex.o
 .debug_ranges  0x000004e0       0xe0 build/stm32f4xx_hal.o
 .debug_ranges  0x000005c0       0x18 build/system_stm32f4xx.o
 .debug_ranges  0x000005d8       0x10 build/gpio.o
 .debug_ranges  0x000005e8       0x28 build/usart.o
 .debug_ranges  0x00000610       0x20 build/startup_stm32f401xc.o

.debug_line     0x00000000     0xc78f
 .debug_line    0x00000000      0x2f4 build/main.o
 .debug_line    0x000002f4      0x2b7 build/stm32f4xx_it.o
 .debug_line    0x000005ab      0x141 build/stm32f4xx_hal_msp.o
 .debug_line    0x000006ec     0x45bd build/stm32f4xx_hal_uart.o
 .debug_line    0x00004ca9      0xaf3 build/stm32f4xx_hal_rcc.o
 .debug_line    0x0000579c      0x678 build/stm32f4xx_hal_gpio.o
 .debug_line    0x00005e14      0xe15 build/stm32f4xx_hal_dma.o
 .debug_line    0x00006c29      0x763 build/stm32f4xx_hal_cortex.o
 .debug_line    0x0000738c      0x551 build/stm32f4xx_hal.o
 .debug_line    0x000078dd      0x237 build/system_stm32f4xx.o
 .debug_line    0x00007b14      0x140 build/gpio.o
 .debug_line    0x00007c54      0x2ea build/usart.o
 .debug_line    0x00007f3e       0x76 build/startup_stm32f401xc.o
 .debug_line    0x00007fb4      0x15b c:/users/scien/gcc-arm-none-eabi-mingw64/bin/../lib/gcc/arm-none-eabi/11.2.1/thumb/v7e-m+fp/hard\libc_nano.a(lib_a-impure.o)
 .debug_line    0x0000810f      0x17f c:/users/scien/gcc-arm-none-eabi-mingw64/bin/../lib/gcc/arm-none-eabi/11.2.1/thumb/v7e-m+fp/hard\libc_nano.a(lib_a-init.o)
 .debug_line    0x0000828e      0x176 c:/users/scien/gcc-arm-none-eabi-mingw64/bin/../lib/gcc/arm-none-eabi/11.2.1/thumb/v7e-m+fp/hard\libc_nano.a(lib_a-memset.o)
 .debug_line    0x00008404      0x372 c:/users/scien/gcc-arm-none-eabi-mingw64/bin/../lib/gcc/arm-none-eabi/11.2.1/thumb/v7e-m+fp/hard\libc_nano.a(lib_a-puts.o)
 .debug_line    0x00008776      0x2f7 c:/users/scien/gcc-arm-none-eabi-mingw64/bin/../lib/gcc/arm-none-eabi/11.2.1/thumb/v7e-m+fp/hard\libc_nano.a(lib_a-wbuf.o)
 .debug_line    0x00008a6d      0x33b c:/users/scien/gcc-arm-none-eabi-mingw64/bin/../lib/gcc/arm-none-eabi/11.2.1/thumb/v7e-m+fp/hard\libc_nano.a(lib_a-wsetup.o)
 .debug_line    0x00008da8      0x47e c:/users/scien/gcc-arm-none-eabi-mingw64/bin/../lib/gcc/arm-none-eabi/11.2.1/thumb/v7e-m+fp/hard\libc_nano.a(lib_a-fflush.o)
 .debug_line    0x00009226      0x518 c:/users/scien/gcc-arm-none-eabi-mingw64/bin/../lib/gcc/arm-none-eabi/11.2.1/thumb/v7e-m+fp/hard\libc_nano.a(lib_a-findfp.o)
 .debug_line    0x0000973e      0x2cc c:/users/scien/gcc-arm-none-eabi-mingw64/bin/../lib/gcc/arm-none-eabi/11.2.1/thumb/v7e-m+fp/hard\libc_nano.a(lib_a-fwalk.o)
 .debug_line    0x00009a0a      0x3c3 c:/users/scien/gcc-arm-none-eabi-mingw64/bin/../lib/gcc/arm-none-eabi/11.2.1/thumb/v7e-m+fp/hard\libc_nano.a(lib_a-makebuf.o)
 .debug_line    0x00009dcd      0x30e c:/users/scien/gcc-arm-none-eabi-mingw64/bin/../lib/gcc/arm-none-eabi/11.2.1/thumb/v7e-m+fp/hard\libc_nano.a(lib_a-nano-freer.o)
 .debug_line    0x0000a0db      0x496 c:/users/scien/gcc-arm-none-eabi-mingw64/bin/../lib/gcc/arm-none-eabi/11.2.1/thumb/v7e-m+fp/hard\libc_nano.a(lib_a-nano-mallocr.o)
 .debug_line    0x0000a571      0x214 c:/users/scien/gcc-arm-none-eabi-mingw64/bin/../lib/gcc/arm-none-eabi/11.2.1/thumb/v7e-m+fp/hard\libc_nano.a(lib_a-sbrkr.o)
 .debug_line    0x0000a785      0x2ed c:/users/scien/gcc-arm-none-eabi-mingw64/bin/../lib/gcc/arm-none-eabi/11.2.1/thumb/v7e-m+fp/hard\libc_nano.a(lib_a-stdio.o)
 .debug_line    0x0000aa72      0x213 c:/users/scien/gcc-arm-none-eabi-mingw64/bin/../lib/gcc/arm-none-eabi/11.2.1/thumb/v7e-m+fp/hard\libc_nano.a(lib_a-writer.o)
 .debug_line    0x0000ac85      0x214 c:/users/scien/gcc-arm-none-eabi-mingw64/bin/../lib/gcc/arm-none-eabi/11.2.1/thumb/v7e-m+fp/hard\libc_nano.a(lib_a-closer.o)
 .debug_line    0x0000ae99      0x2a9 c:/users/scien/gcc-arm-none-eabi-mingw64/bin/../lib/gcc/arm-none-eabi/11.2.1/thumb/v7e-m+fp/hard\libc_nano.a(lib_a-fstatr.o)
 .debug_line    0x0000b142      0x215 c:/users/scien/gcc-arm-none-eabi-mingw64/bin/../lib/gcc/arm-none-eabi/11.2.1/thumb/v7e-m+fp/hard\libc_nano.a(lib_a-isattyr.o)
 .debug_line    0x0000b357      0x213 c:/users/scien/gcc-arm-none-eabi-mingw64/bin/../lib/gcc/arm-none-eabi/11.2.1/thumb/v7e-m+fp/hard\libc_nano.a(lib_a-lseekr.o)
 .debug_line    0x0000b56a      0x1d2 c:/users/scien/gcc-arm-none-eabi-mingw64/bin/../lib/gcc/arm-none-eabi/11.2.1/thumb/v7e-m+fp/hard\libc_nano.a(lib_a-mlock.o)
 .debug_line    0x0000b73c      0x212 c:/users/scien/gcc-arm-none-eabi-mingw64/bin/../lib/gcc/arm-none-eabi/11.2.1/thumb/v7e-m+fp/hard\libc_nano.a(lib_a-readr.o)
 .debug_line    0x0000b94e      0x319 c:/users/scien/gcc-arm-none-eabi-mingw64/bin/../lib/gcc/arm-none-eabi/11.2.1/thumb/v7e-m+fp/hard\libc_nano.a(lib_a-reent.o)
 .debug_line    0x0000bc67       0x9a c:/users/scien/gcc-arm-none-eabi-mingw64/bin/../lib/gcc/arm-none-eabi/11.2.1/thumb/v7e-m+fp/hard\libnosys.a(close.o)
 .debug_line    0x0000bd01      0x19e c:/users/scien/gcc-arm-none-eabi-mingw64/bin/../lib/gcc/arm-none-eabi/11.2.1/thumb/v7e-m+fp/hard\libnosys.a(fstat.o)
 .debug_line    0x0000be9f       0x9b c:/users/scien/gcc-arm-none-eabi-mingw64/bin/../lib/gcc/arm-none-eabi/11.2.1/thumb/v7e-m+fp/hard\libnosys.a(isatty.o)
 .debug_line    0x0000bf3a       0x9b c:/users/scien/gcc-arm-none-eabi-mingw64/bin/../lib/gcc/arm-none-eabi/11.2.1/thumb/v7e-m+fp/hard\libnosys.a(lseek.o)
 .debug_line    0x0000bfd5       0x9a c:/users/scien/gcc-arm-none-eabi-mingw64/bin/../lib/gcc/arm-none-eabi/11.2.1/thumb/v7e-m+fp/hard\libnosys.a(read.o)
 .debug_line    0x0000c06f       0xa3 c:/users/scien/gcc-arm-none-eabi-mingw64/bin/../lib/gcc/arm-none-eabi/11.2.1/thumb/v7e-m+fp/hard\libnosys.a(sbrk.o)
 .debug_line    0x0000c112       0x4e c:/users/scien/gcc-arm-none-eabi-mingw64/bin/../lib/gcc/arm-none-eabi/11.2.1/thumb/v7e-m+fp/hard\libgcc.a(_aeabi_uldivmod.o)
 .debug_line    0x0000c160      0x5e5 c:/users/scien/gcc-arm-none-eabi-mingw64/bin/../lib/gcc/arm-none-eabi/11.2.1/thumb/v7e-m+fp/hard\libgcc.a(_udivmoddi4.o)
 .debug_line    0x0000c745       0x4a c:/users/scien/gcc-arm-none-eabi-mingw64/bin/../lib/gcc/arm-none-eabi/11.2.1/thumb/v7e-m+fp/hard\libgcc.a(_dvmd_tls.o)

.debug_str      0x00000000     0x3f11
 .debug_str     0x00000000      0x451 build/main.o
                                0x4b1 (size before relaxing)
 .debug_str     0x00000451      0x4ca build/stm32f4xx_it.o
                                0x691 (size before relaxing)
 .debug_str     0x0000091b       0x24 build/stm32f4xx_hal_msp.o
                                0x2a7 (size before relaxing)
 .debug_str     0x0000093f      0x6d0 build/stm32f4xx_hal_uart.o
                                0xd38 (size before relaxing)
 .debug_str     0x0000100f      0x24d build/stm32f4xx_hal_rcc.o
                                0x6f7 (size before relaxing)
 .debug_str     0x0000125c      0x163 build/stm32f4xx_hal_gpio.o
                                0x4d1 (size before relaxing)
 .debug_str     0x000013bf      0x2ca build/stm32f4xx_hal_dma.o
                                0x755 (size before relaxing)
 .debug_str     0x00001689      0x89d build/stm32f4xx_hal_cortex.o
                                0xaa9 (size before relaxing)
 .debug_str     0x00001f26      0x295 build/stm32f4xx_hal.o
                                0x9f3 (size before relaxing)
 .debug_str     0x000021bb       0x42 build/system_stm32f4xx.o
                                0x361 (size before relaxing)
 .debug_str     0x000021fd        0xb build/gpio.o
                                0x29b (size before relaxing)
 .debug_str     0x00002208       0x1e build/usart.o
                                0xbef (size before relaxing)
 .debug_str     0x00002226       0x22 build/startup_stm32f401xc.o
                                 0x51 (size before relaxing)
 .debug_str     0x00002248      0x4c3 c:/users/scien/gcc-arm-none-eabi-mingw64/bin/../lib/gcc/arm-none-eabi/11.2.1/thumb/v7e-m+fp/hard\libc_nano.a(lib_a-impure.o)
                                0x5ca (size before relaxing)
 .debug_str     0x0000270b      0x142 c:/users/scien/gcc-arm-none-eabi-mingw64/bin/../lib/gcc/arm-none-eabi/11.2.1/thumb/v7e-m+fp/hard\libc_nano.a(lib_a-init.o)
                                0x277 (size before relaxing)
 .debug_str     0x0000284d       0xe8 c:/users/scien/gcc-arm-none-eabi-mingw64/bin/../lib/gcc/arm-none-eabi/11.2.1/thumb/v7e-m+fp/hard\libc_nano.a(lib_a-memset.o)
                                0x218 (size before relaxing)
 .debug_str     0x00002935      0x124 c:/users/scien/gcc-arm-none-eabi-mingw64/bin/../lib/gcc/arm-none-eabi/11.2.1/thumb/v7e-m+fp/hard\libc_nano.a(lib_a-puts.o)
                                0x5ff (size before relaxing)
 .debug_str     0x00002a59       0x6a c:/users/scien/gcc-arm-none-eabi-mingw64/bin/../lib/gcc/arm-none-eabi/11.2.1/thumb/v7e-m+fp/hard\libc_nano.a(lib_a-wbuf.o)
                                0x5ee (size before relaxing)
 .debug_str     0x00002ac3       0x6f c:/users/scien/gcc-arm-none-eabi-mingw64/bin/../lib/gcc/arm-none-eabi/11.2.1/thumb/v7e-m+fp/hard\libc_nano.a(lib_a-wsetup.o)
                                0x5e9 (size before relaxing)
 .debug_str     0x00002b32       0x8a c:/users/scien/gcc-arm-none-eabi-mingw64/bin/../lib/gcc/arm-none-eabi/11.2.1/thumb/v7e-m+fp/hard\libc_nano.a(lib_a-fflush.o)
                                0x62a (size before relaxing)
 .debug_str     0x00002bbc      0x21d c:/users/scien/gcc-arm-none-eabi-mingw64/bin/../lib/gcc/arm-none-eabi/11.2.1/thumb/v7e-m+fp/hard\libc_nano.a(lib_a-findfp.o)
                                0x7d6 (size before relaxing)
 .debug_str     0x00002dd9       0x68 c:/users/scien/gcc-arm-none-eabi-mingw64/bin/../lib/gcc/arm-none-eabi/11.2.1/thumb/v7e-m+fp/hard\libc_nano.a(lib_a-fwalk.o)
                                0x590 (size before relaxing)
 .debug_str     0x00002e41      0x188 c:/users/scien/gcc-arm-none-eabi-mingw64/bin/../lib/gcc/arm-none-eabi/11.2.1/thumb/v7e-m+fp/hard\libc_nano.a(lib_a-makebuf.o)
                                0x717 (size before relaxing)
 .debug_str     0x00002fc9      0x168 c:/users/scien/gcc-arm-none-eabi-mingw64/bin/../lib/gcc/arm-none-eabi/11.2.1/thumb/v7e-m+fp/hard\libc_nano.a(lib_a-nano-freer.o)
                                0x601 (size before relaxing)
 .debug_str     0x00003131       0x67 c:/users/scien/gcc-arm-none-eabi-mingw64/bin/../lib/gcc/arm-none-eabi/11.2.1/thumb/v7e-m+fp/hard\libc_nano.a(lib_a-nano-mallocr.o)
                                0x660 (size before relaxing)
 .debug_str     0x00003198       0x64 c:/users/scien/gcc-arm-none-eabi-mingw64/bin/../lib/gcc/arm-none-eabi/11.2.1/thumb/v7e-m+fp/hard\libc_nano.a(lib_a-sbrkr.o)
                                0x582 (size before relaxing)
 .debug_str     0x000031fc       0x97 c:/users/scien/gcc-arm-none-eabi-mingw64/bin/../lib/gcc/arm-none-eabi/11.2.1/thumb/v7e-m+fp/hard\libc_nano.a(lib_a-stdio.o)
                                0x5e6 (size before relaxing)
 .debug_str     0x00003293       0x5a c:/users/scien/gcc-arm-none-eabi-mingw64/bin/../lib/gcc/arm-none-eabi/11.2.1/thumb/v7e-m+fp/hard\libc_nano.a(lib_a-writer.o)
                                0x57f (size before relaxing)
 .debug_str     0x000032ed       0x5a c:/users/scien/gcc-arm-none-eabi-mingw64/bin/../lib/gcc/arm-none-eabi/11.2.1/thumb/v7e-m+fp/hard\libc_nano.a(lib_a-closer.o)
                                0x56f (size before relaxing)
 .debug_str     0x00003347       0x67 c:/users/scien/gcc-arm-none-eabi-mingw64/bin/../lib/gcc/arm-none-eabi/11.2.1/thumb/v7e-m+fp/hard\libc_nano.a(lib_a-fstatr.o)
                                0x6c1 (size before relaxing)
 .debug_str     0x000033ae       0x63 c:/users/scien/gcc-arm-none-eabi-mingw64/bin/../lib/gcc/arm-none-eabi/11.2.1/thumb/v7e-m+fp/hard\libc_nano.a(lib_a-isattyr.o)
                                0x579 (size before relaxing)
 .debug_str     0x00003411       0x61 c:/users/scien/gcc-arm-none-eabi-mingw64/bin/../lib/gcc/arm-none-eabi/11.2.1/thumb/v7e-m+fp/hard\libc_nano.a(lib_a-lseekr.o)
                                0x57d (size before relaxing)
 .debug_str     0x00003472       0x73 c:/users/scien/gcc-arm-none-eabi-mingw64/bin/../lib/gcc/arm-none-eabi/11.2.1/thumb/v7e-m+fp/hard\libc_nano.a(lib_a-mlock.o)
                                0x598 (size before relaxing)
 .debug_str     0x000034e5       0x59 c:/users/scien/gcc-arm-none-eabi-mingw64/bin/../lib/gcc/arm-none-eabi/11.2.1/thumb/v7e-m+fp/hard\libc_nano.a(lib_a-readr.o)
                                0x57d (size before relaxing)
 .debug_str     0x0000353e       0x85 c:/users/scien/gcc-arm-none-eabi-mingw64/bin/../lib/gcc/arm-none-eabi/11.2.1/thumb/v7e-m+fp/hard\libc_nano.a(lib_a-reent.o)
                                0x5aa (size before relaxing)
 .debug_str     0x000035c3      0x161 c:/users/scien/gcc-arm-none-eabi-mingw64/bin/../lib/gcc/arm-none-eabi/11.2.1/thumb/v7e-m+fp/hard\libnosys.a(close.o)
                                0x203 (size before relaxing)
 .debug_str     0x00003724       0x59 c:/users/scien/gcc-arm-none-eabi-mingw64/bin/../lib/gcc/arm-none-eabi/11.2.1/thumb/v7e-m+fp/hard\libnosys.a(fstat.o)
                                0x34f (size before relaxing)
 .debug_str     0x0000377d       0x5a c:/users/scien/gcc-arm-none-eabi-mingw64/bin/../lib/gcc/arm-none-eabi/11.2.1/thumb/v7e-m+fp/hard\libnosys.a(isatty.o)
                                0x203 (size before relaxing)
 .debug_str     0x000037d7       0x59 c:/users/scien/gcc-arm-none-eabi-mingw64/bin/../lib/gcc/arm-none-eabi/11.2.1/thumb/v7e-m+fp/hard\libnosys.a(lseek.o)
                                0x201 (size before relaxing)
 .debug_str     0x00003830       0x58 c:/users/scien/gcc-arm-none-eabi-mingw64/bin/../lib/gcc/arm-none-eabi/11.2.1/thumb/v7e-m+fp/hard\libnosys.a(read.o)
                                0x1ff (size before relaxing)
 .debug_str     0x00003888       0x66 c:/users/scien/gcc-arm-none-eabi-mingw64/bin/../lib/gcc/arm-none-eabi/11.2.1/thumb/v7e-m+fp/hard\libnosys.a(sbrk.o)
                                0x180 (size before relaxing)
 .debug_str     0x000038ee       0x82 c:/users/scien/gcc-arm-none-eabi-mingw64/bin/../lib/gcc/arm-none-eabi/11.2.1/thumb/v7e-m+fp/hard\libgcc.a(_aeabi_uldivmod.o)
                                 0x8e (size before relaxing)
 .debug_str     0x00003970      0x595 c:/users/scien/gcc-arm-none-eabi-mingw64/bin/../lib/gcc/arm-none-eabi/11.2.1/thumb/v7e-m+fp/hard\libgcc.a(_udivmoddi4.o)
                                0x6a4 (size before relaxing)
 .debug_str     0x00003f05        0xc c:/users/scien/gcc-arm-none-eabi-mingw64/bin/../lib/gcc/arm-none-eabi/11.2.1/thumb/v7e-m+fp/hard\libgcc.a(_dvmd_tls.o)
                                 0x92 (size before relaxing)

.debug_frame    0x00000000     0x15e8
 .debug_frame   0x00000000       0x58 build/main.o
 .debug_frame   0x00000058       0xc0 build/stm32f4xx_it.o
 .debug_frame   0x00000118       0x28 build/stm32f4xx_hal_msp.o
 .debug_frame   0x00000140      0x5c8 build/stm32f4xx_hal_uart.o
 .debug_frame   0x00000708      0x16c build/stm32f4xx_hal_rcc.o
 .debug_frame   0x00000874       0xd8 build/stm32f4xx_hal_gpio.o
 .debug_frame   0x0000094c      0x188 build/stm32f4xx_hal_dma.o
 .debug_frame   0x00000ad4      0x148 build/stm32f4xx_hal_cortex.o
 .debug_frame   0x00000c1c      0x1ec build/stm32f4xx_hal.o
 .debug_frame   0x00000e08       0x30 build/system_stm32f4xx.o
 .debug_frame   0x00000e38       0x28 build/gpio.o
 .debug_frame   0x00000e60       0x78 build/usart.o
 .debug_frame   0x00000ed8       0x2c c:/users/scien/gcc-arm-none-eabi-mingw64/bin/../lib/gcc/arm-none-eabi/11.2.1/thumb/v7e-m+fp/hard\libc_nano.a(lib_a-init.o)
 .debug_frame   0x00000f04       0x20 c:/users/scien/gcc-arm-none-eabi-mingw64/bin/../lib/gcc/arm-none-eabi/11.2.1/thumb/v7e-m+fp/hard\libc_nano.a(lib_a-memset.o)
 .debug_frame   0x00000f24       0x3c c:/users/scien/gcc-arm-none-eabi-mingw64/bin/../lib/gcc/arm-none-eabi/11.2.1/thumb/v7e-m+fp/hard\libc_nano.a(lib_a-puts.o)
 .debug_frame   0x00000f60       0x40 c:/users/scien/gcc-arm-none-eabi-mingw64/bin/../lib/gcc/arm-none-eabi/11.2.1/thumb/v7e-m+fp/hard\libc_nano.a(lib_a-wbuf.o)
 .debug_frame   0x00000fa0       0x2c c:/users/scien/gcc-arm-none-eabi-mingw64/bin/../lib/gcc/arm-none-eabi/11.2.1/thumb/v7e-m+fp/hard\libc_nano.a(lib_a-wsetup.o)
 .debug_frame   0x00000fcc       0x68 c:/users/scien/gcc-arm-none-eabi-mingw64/bin/../lib/gcc/arm-none-eabi/11.2.1/thumb/v7e-m+fp/hard\libc_nano.a(lib_a-fflush.o)
 .debug_frame   0x00001034      0x11c c:/users/scien/gcc-arm-none-eabi-mingw64/bin/../lib/gcc/arm-none-eabi/11.2.1/thumb/v7e-m+fp/hard\libc_nano.a(lib_a-findfp.o)
 .debug_frame   0x00001150       0x54 c:/users/scien/gcc-arm-none-eabi-mingw64/bin/../lib/gcc/arm-none-eabi/11.2.1/thumb/v7e-m+fp/hard\libc_nano.a(lib_a-fwalk.o)
 .debug_frame   0x000011a4       0x58 c:/users/scien/gcc-arm-none-eabi-mingw64/bin/../lib/gcc/arm-none-eabi/11.2.1/thumb/v7e-m+fp/hard\libc_nano.a(lib_a-makebuf.o)
 .debug_frame   0x000011fc       0x38 c:/users/scien/gcc-arm-none-eabi-mingw64/bin/../lib/gcc/arm-none-eabi/11.2.1/thumb/v7e-m+fp/hard\libc_nano.a(lib_a-nano-freer.o)
 .debug_frame   0x00001234       0x4c c:/users/scien/gcc-arm-none-eabi-mingw64/bin/../lib/gcc/arm-none-eabi/11.2.1/thumb/v7e-m+fp/hard\libc_nano.a(lib_a-nano-mallocr.o)
 .debug_frame   0x00001280       0x2c c:/users/scien/gcc-arm-none-eabi-mingw64/bin/../lib/gcc/arm-none-eabi/11.2.1/thumb/v7e-m+fp/hard\libc_nano.a(lib_a-sbrkr.o)
 .debug_frame   0x000012ac       0x88 c:/users/scien/gcc-arm-none-eabi-mingw64/bin/../lib/gcc/arm-none-eabi/11.2.1/thumb/v7e-m+fp/hard\libc_nano.a(lib_a-stdio.o)
 .debug_frame   0x00001334       0x2c c:/users/scien/gcc-arm-none-eabi-mingw64/bin/../lib/gcc/arm-none-eabi/11.2.1/thumb/v7e-m+fp/hard\libc_nano.a(lib_a-writer.o)
 .debug_frame   0x00001360       0x2c c:/users/scien/gcc-arm-none-eabi-mingw64/bin/../lib/gcc/arm-none-eabi/11.2.1/thumb/v7e-m+fp/hard\libc_nano.a(lib_a-closer.o)
 .debug_frame   0x0000138c       0x2c c:/users/scien/gcc-arm-none-eabi-mingw64/bin/../lib/gcc/arm-none-eabi/11.2.1/thumb/v7e-m+fp/hard\libc_nano.a(lib_a-fstatr.o)
 .debug_frame   0x000013b8       0x2c c:/users/scien/gcc-arm-none-eabi-mingw64/bin/../lib/gcc/arm-none-eabi/11.2.1/thumb/v7e-m+fp/hard\libc_nano.a(lib_a-isattyr.o)
 .debug_frame   0x000013e4       0x2c c:/users/scien/gcc-arm-none-eabi-mingw64/bin/../lib/gcc/arm-none-eabi/11.2.1/thumb/v7e-m+fp/hard\libc_nano.a(lib_a-lseekr.o)
 .debug_frame   0x00001410       0x30 c:/users/scien/gcc-arm-none-eabi-mingw64/bin/../lib/gcc/arm-none-eabi/11.2.1/thumb/v7e-m+fp/hard\libc_nano.a(lib_a-mlock.o)
 .debug_frame   0x00001440       0x2c c:/users/scien/gcc-arm-none-eabi-mingw64/bin/../lib/gcc/arm-none-eabi/11.2.1/thumb/v7e-m+fp/hard\libc_nano.a(lib_a-readr.o)
 .debug_frame   0x0000146c       0x5c c:/users/scien/gcc-arm-none-eabi-mingw64/bin/../lib/gcc/arm-none-eabi/11.2.1/thumb/v7e-m+fp/hard\libc_nano.a(lib_a-reent.o)
 .debug_frame   0x000014c8       0x20 c:/users/scien/gcc-arm-none-eabi-mingw64/bin/../lib/gcc/arm-none-eabi/11.2.1/thumb/v7e-m+fp/hard\libnosys.a(close.o)
 .debug_frame   0x000014e8       0x20 c:/users/scien/gcc-arm-none-eabi-mingw64/bin/../lib/gcc/arm-none-eabi/11.2.1/thumb/v7e-m+fp/hard\libnosys.a(fstat.o)
 .debug_frame   0x00001508       0x20 c:/users/scien/gcc-arm-none-eabi-mingw64/bin/../lib/gcc/arm-none-eabi/11.2.1/thumb/v7e-m+fp/hard\libnosys.a(isatty.o)
 .debug_frame   0x00001528       0x20 c:/users/scien/gcc-arm-none-eabi-mingw64/bin/../lib/gcc/arm-none-eabi/11.2.1/thumb/v7e-m+fp/hard\libnosys.a(lseek.o)
 .debug_frame   0x00001548       0x20 c:/users/scien/gcc-arm-none-eabi-mingw64/bin/../lib/gcc/arm-none-eabi/11.2.1/thumb/v7e-m+fp/hard\libnosys.a(read.o)
 .debug_frame   0x00001568       0x20 c:/users/scien/gcc-arm-none-eabi-mingw64/bin/../lib/gcc/arm-none-eabi/11.2.1/thumb/v7e-m+fp/hard\libnosys.a(sbrk.o)
 .debug_frame   0x00001588       0x2c c:/users/scien/gcc-arm-none-eabi-mingw64/bin/../lib/gcc/arm-none-eabi/11.2.1/thumb/v7e-m+fp/hard\libgcc.a(_aeabi_uldivmod.o)
 .debug_frame   0x000015b4       0x34 c:/users/scien/gcc-arm-none-eabi-mingw64/bin/../lib/gcc/arm-none-eabi/11.2.1/thumb/v7e-m+fp/hard\libgcc.a(_udivmoddi4.o)

.debug_loclists
                0x00000000     0x1d4a
 .debug_loclists
                0x00000000       0x44 c:/users/scien/gcc-arm-none-eabi-mingw64/bin/../lib/gcc/arm-none-eabi/11.2.1/thumb/v7e-m+fp/hard\libc_nano.a(lib_a-init.o)
 .debug_loclists
                0x00000044       0x47 c:/users/scien/gcc-arm-none-eabi-mingw64/bin/../lib/gcc/arm-none-eabi/11.2.1/thumb/v7e-m+fp/hard\libc_nano.a(lib_a-memset.o)
 .debug_loclists
                0x0000008b      0x158 c:/users/scien/gcc-arm-none-eabi-mingw64/bin/../lib/gcc/arm-none-eabi/11.2.1/thumb/v7e-m+fp/hard\libc_nano.a(lib_a-puts.o)
 .debug_loclists
                0x000001e3       0xdf c:/users/scien/gcc-arm-none-eabi-mingw64/bin/../lib/gcc/arm-none-eabi/11.2.1/thumb/v7e-m+fp/hard\libc_nano.a(lib_a-wbuf.o)
 .debug_loclists
                0x000002c2       0x4a c:/users/scien/gcc-arm-none-eabi-mingw64/bin/../lib/gcc/arm-none-eabi/11.2.1/thumb/v7e-m+fp/hard\libc_nano.a(lib_a-wsetup.o)
 .debug_loclists
                0x0000030c      0x1b4 c:/users/scien/gcc-arm-none-eabi-mingw64/bin/../lib/gcc/arm-none-eabi/11.2.1/thumb/v7e-m+fp/hard\libc_nano.a(lib_a-fflush.o)
 .debug_loclists
                0x000004c0      0x180 c:/users/scien/gcc-arm-none-eabi-mingw64/bin/../lib/gcc/arm-none-eabi/11.2.1/thumb/v7e-m+fp/hard\libc_nano.a(lib_a-findfp.o)
 .debug_loclists
                0x00000640       0xef c:/users/scien/gcc-arm-none-eabi-mingw64/bin/../lib/gcc/arm-none-eabi/11.2.1/thumb/v7e-m+fp/hard\libc_nano.a(lib_a-fwalk.o)
 .debug_loclists
                0x0000072f      0x11f c:/users/scien/gcc-arm-none-eabi-mingw64/bin/../lib/gcc/arm-none-eabi/11.2.1/thumb/v7e-m+fp/hard\libc_nano.a(lib_a-makebuf.o)
 .debug_loclists
                0x0000084e       0xd4 c:/users/scien/gcc-arm-none-eabi-mingw64/bin/../lib/gcc/arm-none-eabi/11.2.1/thumb/v7e-m+fp/hard\libc_nano.a(lib_a-nano-freer.o)
 .debug_loclists
                0x00000922      0x254 c:/users/scien/gcc-arm-none-eabi-mingw64/bin/../lib/gcc/arm-none-eabi/11.2.1/thumb/v7e-m+fp/hard\libc_nano.a(lib_a-nano-mallocr.o)
 .debug_loclists
                0x00000b76       0x4c c:/users/scien/gcc-arm-none-eabi-mingw64/bin/../lib/gcc/arm-none-eabi/11.2.1/thumb/v7e-m+fp/hard\libc_nano.a(lib_a-sbrkr.o)
 .debug_loclists
                0x00000bc2      0x203 c:/users/scien/gcc-arm-none-eabi-mingw64/bin/../lib/gcc/arm-none-eabi/11.2.1/thumb/v7e-m+fp/hard\libc_nano.a(lib_a-stdio.o)
 .debug_loclists
                0x00000dc5       0x88 c:/users/scien/gcc-arm-none-eabi-mingw64/bin/../lib/gcc/arm-none-eabi/11.2.1/thumb/v7e-m+fp/hard\libc_nano.a(lib_a-writer.o)
 .debug_loclists
                0x00000e4d       0x4c c:/users/scien/gcc-arm-none-eabi-mingw64/bin/../lib/gcc/arm-none-eabi/11.2.1/thumb/v7e-m+fp/hard\libc_nano.a(lib_a-closer.o)
 .debug_loclists
                0x00000e99       0x6a c:/users/scien/gcc-arm-none-eabi-mingw64/bin/../lib/gcc/arm-none-eabi/11.2.1/thumb/v7e-m+fp/hard\libc_nano.a(lib_a-fstatr.o)
 .debug_loclists
                0x00000f03       0x4c c:/users/scien/gcc-arm-none-eabi-mingw64/bin/../lib/gcc/arm-none-eabi/11.2.1/thumb/v7e-m+fp/hard\libc_nano.a(lib_a-isattyr.o)
 .debug_loclists
                0x00000f4f       0x88 c:/users/scien/gcc-arm-none-eabi-mingw64/bin/../lib/gcc/arm-none-eabi/11.2.1/thumb/v7e-m+fp/hard\libc_nano.a(lib_a-lseekr.o)
 .debug_loclists
                0x00000fd7       0x88 c:/users/scien/gcc-arm-none-eabi-mingw64/bin/../lib/gcc/arm-none-eabi/11.2.1/thumb/v7e-m+fp/hard\libc_nano.a(lib_a-readr.o)
 .debug_loclists
                0x0000105f       0xcd c:/users/scien/gcc-arm-none-eabi-mingw64/bin/../lib/gcc/arm-none-eabi/11.2.1/thumb/v7e-m+fp/hard\libc_nano.a(lib_a-reent.o)
 .debug_loclists
                0x0000112c       0x23 c:/users/scien/gcc-arm-none-eabi-mingw64/bin/../lib/gcc/arm-none-eabi/11.2.1/thumb/v7e-m+fp/hard\libnosys.a(close.o)
 .debug_loclists
                0x0000114f       0x23 c:/users/scien/gcc-arm-none-eabi-mingw64/bin/../lib/gcc/arm-none-eabi/11.2.1/thumb/v7e-m+fp/hard\libnosys.a(fstat.o)
 .debug_loclists
                0x00001172       0x23 c:/users/scien/gcc-arm-none-eabi-mingw64/bin/../lib/gcc/arm-none-eabi/11.2.1/thumb/v7e-m+fp/hard\libnosys.a(isatty.o)
 .debug_loclists
                0x00001195       0x3a c:/users/scien/gcc-arm-none-eabi-mingw64/bin/../lib/gcc/arm-none-eabi/11.2.1/thumb/v7e-m+fp/hard\libnosys.a(lseek.o)
 .debug_loclists
                0x000011cf       0x3a c:/users/scien/gcc-arm-none-eabi-mingw64/bin/../lib/gcc/arm-none-eabi/11.2.1/thumb/v7e-m+fp/hard\libnosys.a(read.o)
 .debug_loclists
                0x00001209       0x32 c:/users/scien/gcc-arm-none-eabi-mingw64/bin/../lib/gcc/arm-none-eabi/11.2.1/thumb/v7e-m+fp/hard\libnosys.a(sbrk.o)
 .debug_loclists
                0x0000123b      0xb0f c:/users/scien/gcc-arm-none-eabi-mingw64/bin/../lib/gcc/arm-none-eabi/11.2.1/thumb/v7e-m+fp/hard\libgcc.a(_udivmoddi4.o)

.debug_rnglists
                0x00000000      0x3c2
 .debug_rnglists
                0x00000000       0x13 c:/users/scien/gcc-arm-none-eabi-mingw64/bin/../lib/gcc/arm-none-eabi/11.2.1/thumb/v7e-m+fp/hard\libc_nano.a(lib_a-init.o)
 .debug_rnglists
                0x00000013       0x13 c:/users/scien/gcc-arm-none-eabi-mingw64/bin/../lib/gcc/arm-none-eabi/11.2.1/thumb/v7e-m+fp/hard\libc_nano.a(lib_a-memset.o)
 .debug_rnglists
                0x00000026       0x44 c:/users/scien/gcc-arm-none-eabi-mingw64/bin/../lib/gcc/arm-none-eabi/11.2.1/thumb/v7e-m+fp/hard\libc_nano.a(lib_a-puts.o)
 .debug_rnglists
                0x0000006a       0x2a c:/users/scien/gcc-arm-none-eabi-mingw64/bin/../lib/gcc/arm-none-eabi/11.2.1/thumb/v7e-m+fp/hard\libc_nano.a(lib_a-wbuf.o)
 .debug_rnglists
                0x00000094       0x26 c:/users/scien/gcc-arm-none-eabi-mingw64/bin/../lib/gcc/arm-none-eabi/11.2.1/thumb/v7e-m+fp/hard\libc_nano.a(lib_a-wsetup.o)
 .debug_rnglists
                0x000000ba       0x47 c:/users/scien/gcc-arm-none-eabi-mingw64/bin/../lib/gcc/arm-none-eabi/11.2.1/thumb/v7e-m+fp/hard\libc_nano.a(lib_a-fflush.o)
 .debug_rnglists
                0x00000101       0x55 c:/users/scien/gcc-arm-none-eabi-mingw64/bin/../lib/gcc/arm-none-eabi/11.2.1/thumb/v7e-m+fp/hard\libc_nano.a(lib_a-findfp.o)
 .debug_rnglists
                0x00000156       0x19 c:/users/scien/gcc-arm-none-eabi-mingw64/bin/../lib/gcc/arm-none-eabi/11.2.1/thumb/v7e-m+fp/hard\libc_nano.a(lib_a-fwalk.o)
 .debug_rnglists
                0x0000016f       0x1a c:/users/scien/gcc-arm-none-eabi-mingw64/bin/../lib/gcc/arm-none-eabi/11.2.1/thumb/v7e-m+fp/hard\libc_nano.a(lib_a-makebuf.o)
 .debug_rnglists
                0x00000189       0x20 c:/users/scien/gcc-arm-none-eabi-mingw64/bin/../lib/gcc/arm-none-eabi/11.2.1/thumb/v7e-m+fp/hard\libc_nano.a(lib_a-nano-freer.o)
 .debug_rnglists
                0x000001a9       0x26 c:/users/scien/gcc-arm-none-eabi-mingw64/bin/../lib/gcc/arm-none-eabi/11.2.1/thumb/v7e-m+fp/hard\libc_nano.a(lib_a-nano-mallocr.o)
 .debug_rnglists
                0x000001cf       0x13 c:/users/scien/gcc-arm-none-eabi-mingw64/bin/../lib/gcc/arm-none-eabi/11.2.1/thumb/v7e-m+fp/hard\libc_nano.a(lib_a-sbrkr.o)
 .debug_rnglists
                0x000001e2       0x2b c:/users/scien/gcc-arm-none-eabi-mingw64/bin/../lib/gcc/arm-none-eabi/11.2.1/thumb/v7e-m+fp/hard\libc_nano.a(lib_a-stdio.o)
 .debug_rnglists
                0x0000020d       0x13 c:/users/scien/gcc-arm-none-eabi-mingw64/bin/../lib/gcc/arm-none-eabi/11.2.1/thumb/v7e-m+fp/hard\libc_nano.a(lib_a-writer.o)
 .debug_rnglists
                0x00000220       0x13 c:/users/scien/gcc-arm-none-eabi-mingw64/bin/../lib/gcc/arm-none-eabi/11.2.1/thumb/v7e-m+fp/hard\libc_nano.a(lib_a-closer.o)
 .debug_rnglists
                0x00000233       0x13 c:/users/scien/gcc-arm-none-eabi-mingw64/bin/../lib/gcc/arm-none-eabi/11.2.1/thumb/v7e-m+fp/hard\libc_nano.a(lib_a-fstatr.o)
 .debug_rnglists
                0x00000246       0x13 c:/users/scien/gcc-arm-none-eabi-mingw64/bin/../lib/gcc/arm-none-eabi/11.2.1/thumb/v7e-m+fp/hard\libc_nano.a(lib_a-isattyr.o)
 .debug_rnglists
                0x00000259       0x13 c:/users/scien/gcc-arm-none-eabi-mingw64/bin/../lib/gcc/arm-none-eabi/11.2.1/thumb/v7e-m+fp/hard\libc_nano.a(lib_a-lseekr.o)
 .debug_rnglists